     1                                 %line 1+1 a11procs.asm
     2                                 
     3                                 
     4                                 
     5                                 
     6                                 
     7                                 
     8                                 
     9                                 
    10                                 
    11                                 
    12                                 
    13                                 
    14                                 
    15                                 
    16                                 
    17                                 
    18                                 
    19                                 
    20                                 [section .data]
    21                                 
    22                                 
    23                                 
    24                                 
    25                                 LF equ 10
    26                                 NULL equ 0
    27                                 SPACE equ 0x20
    28                                 
    29                                 TRUE equ 1
    30                                 FALSE equ 0
    31                                 
    32                                 SUCCESS equ 0
    33                                 NOSUCCESS equ 1
    34                                 
    35                                 STDIN equ 0
    36                                 STDOUT equ 1
    37                                 STDERR equ 2
    38                                 
    39                                 SYS_read equ 0
    40                                 SYS_write equ 1
    41                                 SYS_open equ 2
    42                                 SYS_close equ 3
    43                                 SYS_fork equ 57
    44                                 SYS_exit equ 60
    45                                 SYS_creat equ 85
    46                                 SYS_time equ 201
    47                                 
    48                                 O_CREAT equ 0x40
    49                                 O_TRUNC equ 0x200
    50                                 O_APPEND equ 0x400
    51                                 
    52                                 O_RDONLY equ 000000
    53                                 O_WRONLY equ 000001
    54                                 O_RDWR equ 000002
    55                                 
    56                                 S_IRUSR equ 00400
    57                                 S_IWUSR equ 00200
    58                                 S_IXUSR equ 00100
    59                                 
    60                                 
    61                                 
    62                                 
    63                                 GRAYSCALE equ 0
    64                                 BRIGHTEN equ 1
    65                                 DARKEN equ 2
    66                                 
    67                                 MIN_FILE_LEN equ 5
    68                                 BUFF_SIZE equ 1000000
    69                                 
    70                                 
    71                                 
    72                                 
    73 00000000 00                     eof db FALSE
    74                                 
    75 00000001 55736167653A202E2F-    usageMsg db "Usage: ./imageCvt <-gr|-br|-dk> <inputFile.bmp> "
    76 00000001 696D61676543767420-
    77 00000001 3C2D67727C2D62727C-
    78 00000001 2D646B3E203C696E70-
    79 00000001 757446696C652E626D-
    80 00000001 703E20             
    81 00000031 3C6F75747075744669-     db "<outputFile.bmp>", LF, NULL
    82 00000031 6C652E626D703E0A00 
    83 00000043 4572726F722C20696E-    errIncomplete db "Error, incomplete command line arguments.", LF, NULL
    84 00000043 636F6D706C65746520-
    85 00000043 636F6D6D616E64206C-
    86 00000043 696E6520617267756D-
    87 00000043 656E74732E0A00     
    88 0000006E 4572726F722C20746F-    errExtra db "Error, too many command line arguments.", LF, NULL
    89 0000006E 6F206D616E7920636F-
    90 0000006E 6D6D616E64206C696E-
    91 0000006E 6520617267756D656E-
    92 0000006E 74732E0A00         
    93 00000097 4572726F722C20696E-    errOption db "Error, invalid image processing option.", LF, NULL
    94 00000097 76616C696420696D61-
    95 00000097 67652070726F636573-
    96 00000097 73696E67206F707469-
    97 00000097 6F6E2E0A00         
    98 000000C0 4572726F722C20696E-    errReadName db "Error, invalid source file name.  Must be '.bmp' file.", LF, NULL
    99 000000C0 76616C696420736F75-
   100 000000C0 7263652066696C6520-
   101 000000C0 6E616D652E20204D75-
   102 000000C0 737420626520272E62-
   103 000000C0 6D70272066696C652E-
   104 000000C0 0A00               
   105 000000F8 4572726F722C20696E-    errWriteName db "Error, invalid output file name.  Must be '.bmp' file.", LF, NULL
   106 000000F8 76616C6964206F7574-
   107 000000F8 7075742066696C6520-
   108 000000F8 6E616D652E20204D75-
   109 000000F8 737420626520272E62-
   110 000000F8 6D70272066696C652E-
   111 000000F8 0A00               
   112 00000130 4572726F722C20756E-    errReadFile db "Error, unable to open input file.", LF, NULL
   113 00000130 61626C6520746F206F-
   114 00000130 70656E20696E707574-
   115 00000130 2066696C652E0A00   
   116 00000153 4572726F722C20756E-    errWriteFile db "Error, unable to open output file.", LF, NULL
   117 00000153 61626C6520746F206F-
   118 00000153 70656E206F75747075-
   119 00000153 742066696C652E0A00 
   120                                 
   121                                 
   122                                 
   123                                 
   124                                 HEADER_SIZE equ 54
   125                                 
   126 00000177 4572726F722C20756E-    errReadHdr db "Error, unable to read header from source image file."
   127 00000177 61626C6520746F2072-
   128 00000177 656164206865616465-
   129 00000177 722066726F6D20736F-
   130 00000177 7572636520696D6167-
   131 00000177 652066696C652E     
   132 000001AB 0A00                    db LF, NULL
   133 000001AD 4572726F722C20696E-    errFileType db "Error, invalid file signature.", LF, NULL
   134 000001AD 76616C69642066696C-
   135 000001AD 65207369676E617475-
   136 000001AD 72652E0A00         
   137 000001CD 4572726F722C20756E-    errDepth db "Error, unsupported color depth.  Must be 24-bit color."
   138 000001CD 737570706F72746564-
   139 000001CD 20636F6C6F72206465-
   140 000001CD 7074682E20204D7573-
   141 000001CD 742062652032342D62-
   142 000001CD 697420636F6C6F722E 
   143 00000203 0A00                    db LF, NULL
   144 00000205 4572726F722C206F6E-    errCompType db "Error, only non-compressed images are supported."
   145 00000205 6C79206E6F6E2D636F-
   146 00000205 6D7072657373656420-
   147 00000205 696D61676573206172-
   148 00000205 6520737570706F7274-
   149 00000205 65642E             
   150 00000235 0A00                    db LF, NULL
   151 00000237 4572726F722C206269-    errSize db "Error, bitmap block size inconsistent.", LF, NULL
   152 00000237 746D617020626C6F63-
   153 00000237 6B2073697A6520696E-
   154 00000237 636F6E73697374656E-
   155 00000237 742E0A00           
   156 0000025F 4572726F722C20756E-    errWriteHdr db "Error, unable to write header to output image file.", LF,
   157 0000025F 61626C6520746F2077-
   158 0000025F 726974652068656164-
   159 0000025F 657220746F206F7574-
   160 0000025F 70757420696D616765-
   161 0000025F 2066696C652E0A     
   162 00000293 50726F6772616D2074-     db "Program terminated.", LF, NULL
   163 00000293 65726D696E61746564-
   164 00000293 2E0A00             
   165                                 
   166                                 
   167                                 
   168                                 
   169 000002A8 40420F0000000000       buffMax dq BUFF_SIZE
   170 000002B0 40420F0000000000       curr dq BUFF_SIZE
   171 000002B8 00                     wasEOF db FALSE
   172 000002B9 0000000000000000       pixelCount dq 0
   173                                 
   174 000002C1 4572726F722C207265-    errRead db "Error, reading from source image file.", LF,
   175 000002C1 6164696E672066726F-
   176 000002C1 6D20736F7572636520-
   177 000002C1 696D6167652066696C-
   178 000002C1 652E0A             
   179 000002E8 50726F6772616D2074-     db "Program terminated.", LF, NULL
   180 000002E8 65726D696E61746564-
   181 000002E8 2E0A00             
   182                                 
   183                                 
   184                                 
   185                                 
   186 000002FD 4572726F722C207772-    errWrite db "Error, writting to output image file.", LF,
   187 000002FD 697474696E6720746F-
   188 000002FD 206F75747075742069-
   189 000002FD 6D6167652066696C65-
   190 000002FD 2E0A               
   191 00000323 50726F6772616D2074-     db "Program terminated.", LF, NULL
   192 00000323 65726D696E61746564-
   193 00000323 2E0A00             
   194                                 
   195                                 
   196                                 
   197                                 
   198                                 
   199                                 [section .bss]
   200                                 
   201 00000000 <gap>                  localBuffer resb BUFF_SIZE
   202 000F4240 <gap>                  header resb HEADER_SIZE
   203                                 
   204                                 
   205                                 
   206                                 
   207                                 [section .text]
   208                                 
   209                                 
   210                                 
   211                                 
   212                                 
   213                                 
   214                                 
   215                                 
   216                                 
   217                                 
   218                                 
   219                                 
   220                                 
   221                                 
   222                                 
   223                                 
   224                                 
   225                                 
   226                                 
   227                                 
   228                                 
   229                                 
   230                                 
   231                                 
   232                                 
   233                                 [global getArguments]
   234                                 getArguments:
   235                                 
   236 00000000 55                     push rbp
   237 00000001 4889E5                 mov rbp, rsp
   238 00000004 4152                   push r10
   239 00000006 4153                   push r11
   240 00000008 4154                   push r12
   241 0000000A 4155                   push r13
   242 0000000C 4157                   push r15
   243                                 
   244                                 
   245                                 
   246                                 
   247                                 
   248                                 
   249                                 
   250                                 
   251                                 
   252                                 
   253 0000000E 49C7C201000000         mov r10, 1
   254 00000015 49C7C300000000         mov r11, 0
   255 0000001C 4989CC                 mov r12, rcx
   256 0000001F 4D89C5                 mov r13, r8
   257                                 
   258                                 
   259 00000022 4E8B3CD6               mov r15, qword [rsi + r10 * 8]
   260 00000026 438A041F               mov al, byte [r15 + r11]
   261 0000002A 3C2D                   cmp al, 45
   262 0000002C 0F85F5000000           jne imInvalid
   263 00000032 49FFC3                 inc r11
   264 00000035 438A041F               mov al, byte [r15 + r11]
   265 00000039 3C67                   cmp al, 103
   266 0000003B 7506                   jne checkB
   267 0000003D C70200000000           mov dword [rdx], GRAYSCALE
   268 00000043 EB2E                   jmp checkSecondInput
   269                                 checkB:
   270 00000045 3C62                   cmp al, 98
   271 00000047 7511                   jne checkD
   272 00000049 49FFC3                 inc r11
   273 0000004C 3C72                   cmp al, 114
   274 0000004E 0F85D3000000           jne imInvalid
   275 00000054 C70201000000           mov dword [rdx], BRIGHTEN
   276 0000005A EB17                   jmp checkSecondInput
   277                                 checkD:
   278 0000005C 3C64                   cmp al, 100
   279 0000005E 0F85C3000000           jne imInvalid
   280 00000064 49FFC3                 inc r11
   281 00000067 3C6B                   cmp al, 107
   282 00000069 0F85B8000000           jne imInvalid
   283 0000006F C70202000000           mov dword [rdx], DARKEN
   284                                 
   285                                 checkSecondInput:
   286 00000075 49FFC2                 inc r10
   287 00000078 49C7C300000000         mov r11, 0
   288 0000007F 57                     push rdi
   289 00000080 4A8B3CD6               mov rdi, qword [rsi + r10 * 8]
   290 00000084 E803050000             call checkFileExtension
   291 00000089 5F                     pop rdi
   292 0000008A 4883F801               cmp rax, TRUE
   293 0000008E 7575                   jne invalidReadFileName
   294 00000090 57                     push rdi
   295 00000091 56                     push rsi
   296 00000092 4A8B3CD6               mov rdi, qword [rsi + r10 * 8]
   297 00000096 E83D050000             call openFile
   298 0000009B 5E                     pop rsi
   299 0000009C 5F                     pop rdi
   300 0000009D 4883F800               cmp rax, 0
   301 000000A1 7C75                   jl openFileError
   302 000000A3 49890424               mov qword [r12], rax
   303 000000A7 49FFC2                 inc r10
   304 000000AA 57                     push rdi
   305 000000AB 56                     push rsi
   306 000000AC 4A8B3CD6               mov rdi, qword [rsi + r10 * 8]
   307 000000B0 E8D7040000             call checkFileExtension
   308 000000B5 5E                     pop rsi
   309 000000B6 5F                     pop rdi
   310 000000B7 4883F801               cmp rax, TRUE
   311 000000BB 7535                   jne invalidWriteFileName
   312 000000BD 57                     push rdi
   313 000000BE 56                     push rsi
   314 000000BF 4A8B3CD6               mov rdi, qword [rsi + r10 * 8]
   315 000000C3 E82B050000             call createFile
   316 000000C8 5E                     pop rsi
   317 000000C9 5F                     pop rdi
   318 000000CA 4883F800               cmp rax, 0
   319 000000CE 7C0C                   jl createFileError
   320 000000D0 49894500               mov qword [r13], rax
   321                                 
   322 000000D4 B801000000             mov eax, TRUE
   323                                 
   324 000000D9 E996000000             jmp done
   325                                 createFileError:
   326 000000DE 48C7C7[00000000]       mov rdi, errWriteFile
   327 000000E5 E86F040000             call printString
   328 000000EA B800000000             mov eax, FALSE
   329 000000EF E980000000             jmp done
   330                                 
   331                                 invalidWriteFileName:
   332 000000F4 48C7C7[00000000]       mov rdi, errWriteName
   333 000000FB E859040000             call printString
   334 00000100 B800000000             mov eax, FALSE
   335 00000105 EB70                   jmp done
   336                                 
   337                                 invalidReadFileName:
   338 00000107 48C7C7[00000000]       mov rdi, errReadName
   339 0000010E E846040000             call printString
   340 00000113 B800000000             mov eax, FALSE
   341 00000118 EB5D                   jmp done
   342                                 
   343                                 openFileError:
   344 0000011A 48C7C7[00000000]       mov rdi, errReadFile
   345 00000121 E833040000             call printString
   346 00000126 B800000000             mov eax, FALSE
   347 0000012B EB4A                   jmp done
   348                                 
   349                                 imInvalid:
   350 0000012D 48C7C7[00000000]       mov rdi, errOption
   351 00000134 E820040000             call printString
   352 00000139 B800000000             mov eax, FALSE
   353 0000013E EB37                   jmp done
   354                                 
   355                                 incorrectUsage:
   356 00000140 48C7C7[00000000]       mov rdi, usageMsg
   357 00000147 E80D040000             call printString
   358 0000014C B800000000             mov eax, FALSE
   359 00000151 EB24                   jmp done
   360                                 
   361                                 tooFewArgs:
   362 00000153 48C7C7[00000000]       mov rdi, errIncomplete
   363 0000015A E8FA030000             call printString
   364 0000015F B800000000             mov eax, FALSE
   365 00000164 EB11                   jmp done
   366                                 
   367                                 tooManyArgs:
   368 00000166 48C7C7[00000000]       mov rdi, errExtra
   369 0000016D E8E7030000             call printString
   370 00000172 B800000000             mov eax, FALSE
   371 00000177 EBFE                   jmp done
   372                                 
   373                                 done:
   374 00000179 415F                   pop r15
   375 0000017B 415D                   pop r13
   376 0000017D 415C                   pop r12
   377 0000017F 415B                   pop r11
   378 00000181 415A                   pop r10
   379 00000183 5D                     pop rbp
   380                                 
   381 00000184 C3                     ret
   382                                 
   383                                 
   384                                 
   385                                 
   386                                 
   387                                 
   388                                 
   389                                 
   390                                 
   391                                 
   392                                 
   393                                 
   394                                 
   395                                 
   396                                 
   397                                 
   398                                 
   399                                 
   400                                 
   401                                 
   402                                 
   403                                 
   404                                 
   405                                 
   406                                 
   407                                 
   408                                 
   409                                 
   410                                 
   411                                 
   412                                 
   413                                 
   414                                 
   415                                 
   416                                 
   417                                 
   418                                 
   419                                 [global processHeaders]
   420                                 processHeaders:
   421                                 
   422 00000185 53                     push rbx
   423 00000186 4151                   push r9
   424 00000188 4152                   push r10
   425 0000018A 4153                   push r11
   426 0000018C 4154                   push r12
   427 0000018E 4155                   push r13
   428 00000190 4156                   push r14
   429 00000192 4157                   push r15
   430                                 
   431 00000194 4889FB                 mov rbx, rdi
   432 00000197 4989F1                 mov r9, rsi
   433 0000019A 49C7C200000000         mov r10, 0
   434 000001A1 4989CC                 mov r12, rcx
   435 000001A4 4D89C5                 mov r13, r8
   436 000001A7 4989D7                 mov r15, rdx
   437                                 
   438 000001AA 48C7C000000000         mov rax, SYS_read
   439 000001B1 4889DF                 mov rdi, rbx
   440 000001B4 48C7C6[00000000]       mov rsi, header
   441 000001BB 48C7C236000000         mov rdx, HEADER_SIZE
   442 000001C2 0F05                   syscall
   443 000001C4 4883F800               cmp rax, 0
   444 000001C8 0F8C57010000           jl errorOnRead
   445                                 
   446 000001CE 4883F836               cmp rax, 54
   447 000001D2 0F85(F4FFFFFF)         jne errSize
   448                                 
   449                                 
   450 000001D8 418A82[00000000]       mov al, byte [header + r10]
   451 000001DF 3C42                   cmp al, 66
   452 000001E1 0F852B010000           jne fileTypeError
   453 000001E7 49FFC2                 inc r10
   454 000001EA 418A82[00000000]       mov al, byte [header + r10]
   455 000001F1 3C4D                   cmp al, 77
   456 000001F3 0F8519010000           jne fileTypeError
   457 000001F9 49FFC2                 inc r10
   458 000001FC 418B82[00000000]       mov eax, dword [header + r10]
   459 00000203 418907                 mov dword [r15], eax
   460 00000206 4983C208               add r10, 8
   461 0000020A 418B82[00000000]       mov eax, dword [header + r10]
   462 00000211 83F836                 cmp eax, 54
   463 00000214 0F85BF000000           jne invalidBitmapSize
   464 0000021A 4189C6                 mov r14d, eax
   465 0000021D 4983C204               add r10, 4
   466 00000221 418B82[00000000]       mov eax, dword [header + r10]
   467 00000228 4983C204               add r10, 4
   468 0000022C 418B82[00000000]       mov eax, dword [header + r10]
   469 00000233 41890424               mov dword [r12], eax
   470 00000237 50                     push rax
   471 00000238 4152                   push r10
   472 0000023A 41BA03000000           mov r10d, 3
   473 00000240 41F7E2                 mul r10d
   474 00000243 4C891425[00000000]     mov qword [pixelCount], r10
   475 0000024B 415A                   pop r10
   476 0000024D 58                     pop rax
   477 0000024E 4983C204               add r10, 4
   478 00000252 418B82[00000000]       mov eax, dword [header + r10]
   479 00000259 41894500               mov dword [r13], eax
   480 0000025D 4983C204               add r10, 4
   481 00000261 66418B82[00000000]     mov ax, word [header + r10]
   482 00000269 4983C202               add r10, 2
   483 0000026D 66418B82[00000000]     mov ax, word [header + r10]
   484 00000275 6683F818               cmp ax, 24
   485 00000279 0F8580000000           jne depthError
   486 0000027F 4983C202               add r10, 2
   487 00000283 418B82[00000000]       mov eax, dword [header + r10]
   488 0000028A 83F800                 cmp eax, 0
   489 0000028D 7561                   jne compTypeError
   490 0000028F 4983C204               add r10, 4
   491 00000293 418B82[00000000]       mov eax, dword [header + r10]
   492 0000029A 4401F0                 add eax, r14d
   493 0000029D 458B1F                 mov r11d, dword [r15]
   494 000002A0 413907                 cmp dword [r15], eax
   495 000002A3 7538                   jne invalidBitmapSize
   496                                 
   497                                 
   498 000002A5 48C7C001000000         mov rax, SYS_write
   499 000002AC 4C89CF                 mov rdi, r9
   500 000002AF 48C7C6[00000000]       mov rsi, header
   501 000002B6 48C7C236000000         mov rdx, HEADER_SIZE
   502 000002BD 0F05                   syscall
   503 000002BF 4883F800               cmp rax, 0
   504 000002C3 7C05                   jl errorToWrite
   505                                 
   506 000002C5 B801000000             mov eax, TRUE
   507 000002CA EB70                   jmp done1
   508                                 
   509                                 errorToWrite:
   510 000002CC 48C7C7[00000000]       mov rdi, errWriteFile
   511 000002D3 E881020000             call printString
   512 000002D8 B800000000             mov eax, FALSE
   513 000002DD EB5D                   jmp done1
   514                                 
   515                                 invalidBitmapSize:
   516 000002DF 48C7C7[00000000]       mov rdi, errSize
   517 000002E6 E86E020000             call printString
   518 000002EB B800000000             mov eax, FALSE
   519 000002F0 EB4A                   jmp done1
   520                                 
   521                                 compTypeError:
   522 000002F2 48C7C7[00000000]       mov rdi, errCompType
   523 000002F9 E85B020000             call printString
   524 000002FE B800000000             mov eax, FALSE
   525 00000303 EB37                   jmp done1
   526                                 
   527                                 depthError:
   528 00000305 48C7C7[00000000]       mov rdi, errDepth
   529 0000030C E848020000             call printString
   530 00000311 B800000000             mov eax, FALSE
   531 00000316 EB24                   jmp done1
   532                                 
   533                                 fileTypeError:
   534 00000318 48C7C7[00000000]       mov rdi, errFileType
   535 0000031F E835020000             call printString
   536 00000324 B800000000             mov eax, FALSE
   537 00000329 EB11                   jmp done1
   538                                 
   539                                 errorOnRead:
   540 0000032B 48C7C7[00000000]       mov rdi, errReadHdr
   541 00000332 E822020000             call printString
   542 00000337 B800000000             mov eax, FALSE
   543 0000033C EBFE                   jmp done1
   544                                 
   545                                 done1:
   546 0000033E 415F                   pop r15
   547 00000340 415E                   pop r14
   548 00000342 415D                   pop r13
   549 00000344 415C                   pop r12
   550 00000346 415B                   pop r11
   551 00000348 415A                   pop r10
   552 0000034A 4159                   pop r9
   553 0000034C 5B                     pop rbx
   554                                 
   555 0000034D C3                     ret
   556                                 
   557                                 
   558                                 
   559                                 
   560                                 
   561                                 
   562                                 
   563                                 
   564                                 
   565                                 
   566                                 
   567                                 
   568                                 
   569                                 
   570                                 
   571                                 
   572                                 
   573                                 
   574                                 
   575                                 
   576                                 
   577                                 
   578                                 
   579                                 
   580                                 
   581                                 
   582                                 
   583                                 
   584                                 [global getRow]
   585                                 getRow:
   586                                 
   587 0000034E 53                     push rbx
   588 0000034F 4152                   push r10
   589 00000351 4153                   push r11
   590 00000353 4156                   push r14
   591 00000355 4157                   push r15
   592                                 
   593 00000357 4889FB                 mov rbx, rdi
   594 0000035A 4889F0                 mov rax, rsi
   595 0000035D 4989D7                 mov r15, rdx
   596 00000360 49C7C203000000         mov r10, 3
   597 00000367 49F7E2                 mul r10
   598 0000036A 4989C2                 mov r10, rax
   599 0000036D 4C8B3425[00000000]     mov r14, qword [buffMax]
   600                                 
   601 00000375 4C393425[00000000]     cmp qword [curr], r14
   602 0000037D 7300                   jae fillBuffer
   603 0000037F EB40                   jmp getChar
   604                                 fillBuffer:
   605 00000381 48C7C000000000         mov rax, SYS_read
   606 00000388 4889DF                 mov rdi, rbx
   607 0000038B 48C7C6[00000000]       mov rsi, localBuffer
   608 00000392 48C7C240420F00         mov rdx, BUFF_SIZE
   609 00000399 0F05                   syscall
   610                                 
   611 0000039B 4883F800               cmp rax, 0
   612 0000039F 0F8CA9000000           jl readError
   613                                 
   614 000003A5 4883F800               cmp rax, 0
   615 000003A9 0F8490000000           je endOfFile
   616                                 
   617 000003AF 48890425[00000000]     mov qword [buffMax], rax
   618 000003B7 48C70425[00000000]-    mov qword [curr], 0
   619 000003B7 00000000           
   620                                 getChar:
   621 000003C3 4C8B1C25[00000000]     mov r11, qword [curr]
   622 000003CB 49C7C600000000         mov r14, 0
   623                                 moveRow:
   624 000003D2 418A83[00000000]       mov al, byte [localBuffer + r11]
   625 000003D9 43880437               mov byte [r15 + r14], al
   626 000003DD 49FFC3                 inc r11
   627 000003E0 4C891C25[00000000]     mov qword [curr], r11
   628 000003E8 4C3B1C25[00000000]     cmp r11, qword [buffMax]
   629 000003F0 770D                   ja readFromFile
   630 000003F2 49FFC6                 inc r14
   631 000003F5 4D39D6                 cmp r14, r10
   632 000003F8 72D6                   jb moveRow
   633                                 
   634 000003FA B801000000             mov eax, TRUE
   635 000003FF EB64                   jmp done2
   636                                 
   637                                 readFromFile:
   638 00000401 48C7C000000000         mov rax, SYS_read
   639 00000408 4889DF                 mov rdi, rbx
   640 0000040B 48C7C6[00000000]       mov rsi, localBuffer
   641 00000412 48C7C240420F00         mov rdx, BUFF_SIZE
   642 00000419 0F05                   syscall
   643                                 
   644 0000041B 4883F800               cmp rax, 0
   645 0000041F 7C31                   jl readError
   646                                 
   647 00000421 4883F800               cmp rax, 0
   648 00000425 741C                   je endOfFile
   649                                 
   650 00000427 48890425[00000000]     mov qword [buffMax], rax
   651 0000042F 48C70425[00000000]-    mov qword [curr], 0
   652 0000042F 00000000           
   653 0000043B 4C8B1C25[00000000]     mov r11, qword [curr]
   654                                 
   655 00000443 EB8B                   jmp moveRow
   656                                 
   657                                 endOfFile:
   658 00000445 C60425[00000000]01     mov byte [wasEOF], TRUE
   659 0000044D B800000000             mov eax, FALSE
   660 00000452 EB11                   jmp done2
   661                                 
   662                                 readError:
   663 00000454 48C7C7[00000000]       mov rdi, errReadFile
   664 0000045B E8F9000000             call printString
   665 00000460 B800000000             mov eax, FALSE
   666 00000465 EBFE                   jmp done2
   667                                 
   668                                 done2:
   669 00000467 415F                   pop r15
   670 00000469 415E                   pop r14
   671 0000046B 415B                   pop r11
   672 0000046D 415A                   pop r10
   673 0000046F 5B                     pop rbx
   674                                 
   675 00000470 C3                     ret
   676                                 
   677                                 
   678                                 
   679                                 
   680                                 
   681                                 
   682                                 
   683                                 
   684                                 
   685                                 
   686                                 
   687                                 
   688                                 
   689                                 
   690                                 
   691                                 
   692                                 
   693                                 
   694                                 
   695                                 
   696                                 
   697                                 
   698                                 
   699                                 
   700                                 
   701                                 
   702                                 [global writeRow]
   703                                 writeRow:
   704                                 
   705 00000471 53                     push rbx
   706 00000472 4152                   push r10
   707 00000474 4153                   push r11
   708                                 
   709 00000476 4889D3                 mov rbx, rdx
   710 00000479 4989FA                 mov r10, rdi
   711 0000047C 4889F0                 mov rax, rsi
   712 0000047F 49C7C303000000         mov r11, 3
   713 00000486 52                     push rdx
   714 00000487 49F7E3                 mul r11
   715 0000048A 5A                     pop rdx
   716 0000048B 4989C3                 mov r11, rax
   717                                 
   718 0000048E 48C7C001000000         mov rax, SYS_write
   719 00000495 4C89D7                 mov rdi, r10
   720 00000498 4889DE                 mov rsi, rbx
   721 0000049B 4C89DA                 mov rdx, r11
   722 0000049E 0F05                   syscall
   723 000004A0 4883F800               cmp rax, 0
   724 000004A4 7C05                   jl errorOnWrite
   725                                 
   726 000004A6 B801000000             mov eax, TRUE
   727 000004AB EB11                   jmp done3
   728                                 
   729                                 errorOnWrite:
   730 000004AD 48C7C7[00000000]       mov rdi, errWrite
   731 000004B4 E8A0000000             call printString
   732 000004B9 B800000000             mov eax, FALSE
   733 000004BE EBFE                   jmp done3
   734                                 
   735                                 done3:
   736 000004C0 415B                   pop r11
   737 000004C2 415A                   pop r10
   738 000004C4 5B                     pop rbx
   739                                 
   740 000004C5 C3                     ret
   741                                 
   742                                 
   743                                 
   744                                 
   745                                 
   746                                 
   747                                 
   748                                 
   749                                 
   750                                 
   751                                 
   752                                 
   753                                 
   754                                 
   755                                 
   756                                 
   757                                 
   758                                 [global imageCvtToBW]
   759                                 imageCvtToBW:
   760                                 
   761 000004C6 53                     push rbx
   762 000004C7 4152                   push r10
   763 000004C9 4154                   push r12
   764 000004CB 4155                   push r13
   765 000004CD 4156                   push r14
   766 000004CF 4157                   push r15
   767                                 
   768 000004D1 4889F8                 mov rax, rdi
   769 000004D4 49C7C203000000         mov r10, 3
   770 000004DB 49F7E2                 mul r10
   771 000004DE 4889C3                 mov rbx, rax
   772 000004E1 4989F2                 mov r10, rsi
   773 000004E4 49C7C400000000         mov r12, 0
   774 000004EB 49C7C500000000         mov r13, 0
   775 000004F2 48C7C000000000         mov rax, 0
   776 000004F9 49C7C700000000         mov r15, 0
   777 00000500 49C7C603000000         mov r14, 3
   778                                 
   779                                 cvtToBw:
   780 00000507 478A2C22               mov r13b, byte [r10 + r12]
   781 0000050B 4401E8                 add eax, r13d
   782 0000050E 49FFC7                 inc r15
   783 00000511 49FFC4                 inc r12
   784 00000514 4983FF03               cmp r15, 3
   785 00000518 7403                   je cvtColor
   786 0000051A 4939DC                 cmp r12, rbx
   787 0000051D 72E6                   jb cvtToBw
   788                                 
   789                                 cvtColor:
   790 0000051F 6641F7F6               div r14w
   791 00000523 4154                   push r12
   792 00000525 4983EC03               sub r12, 3
   793 00000529 43880422               mov byte [r10 + r12], al
   794 0000052D 49FFC4                 inc r12
   795 00000530 43880422               mov byte [r10 + r12], al
   796 00000534 49FFC4                 inc r12
   797 00000537 43880422               mov byte [r10 + r12], al
   798 0000053B 49C7C700000000         mov r15, 0
   799 00000542 48C7C000000000         mov rax, 0
   800 00000549 415C                   pop r12
   801 0000054B 4939DC                 cmp r12, rbx
   802 0000054E 72B5                   jb cvtToBw
   803                                 
   804 00000550 415F                   pop r15
   805 00000552 415E                   pop r14
   806 00000554 415D                   pop r13
   807 00000556 415C                   pop r12
   808 00000558 415A                   pop r10
   809 0000055A 5B                     pop rbx
   810                                 
   811                                 
   812 0000055B C3                     ret
   813                                 
   814                                 
   815                                 
   816                                 
   817                                 
   818                                 
   819                                 
   820                                 
   821                                 
   822                                 
   823                                 
   824                                 
   825                                 
   826                                 
   827                                 
   828                                 
   829                                 
   830                                 [global imageBrighten]
   831                                 imageBrighten:
   832                                 
   833 0000055C C3                     ret
   834                                 
   835                                 
   836                                 
   837                                 
   838                                 
   839                                 
   840                                 
   841                                 
   842                                 
   843                                 
   844                                 
   845                                 
   846                                 
   847                                 
   848                                 
   849                                 
   850                                 
   851                                 [global imageDarken]
   852                                 imageDarken:
   853                                 
   854 0000055D C3                     ret
   855                                 
   856                                 
   857                                 
   858                                 
   859                                 
   860                                 
   861                                 
   862                                 
   863                                 
   864                                 
   865                                 
   866                                 
   867                                 
   868                                 
   869                                 
   870                                 [global printString]
   871                                 printString:
   872 0000055E 53                      push rbx
   873                                 
   874                                 
   875                                 
   876                                 
   877 0000055F 4889FB                  mov rbx, rdi
   878 00000562 48C7C200000000          mov rdx, 0
   879                                 strCountLoop:
   880 00000569 803B00                  cmp byte [rbx], NULL
   881 0000056C 7406                    je strCountDone
   882 0000056E 48FFC3                  inc rbx
   883 00000571 48FFC2                  inc rdx
   884 00000574 EBF1                    jmp strCountLoop
   885                                 strCountDone:
   886                                 
   887 00000576 4883FA00                cmp rdx, 0
   888 0000057A 7411                    je prtDone
   889                                 
   890                                 
   891                                 
   892                                 
   893 0000057C 48C7C001000000          mov rax, SYS_write
   894 00000583 4889FE                  mov rsi, rdi
   895 00000586 48C7C701000000          mov rdi, STDOUT
   896                                 
   897 0000058D 0F05                    syscall
   898                                 
   899                                 
   900                                 
   901                                 
   902                                 prtDone:
   903 0000058F 5B                      pop rbx
   904 00000590 C3                      ret
   905                                 
   906                                 
   907                                 
   908                                 
   909                                 
   910                                 
   911                                 [global checkFileExtension]
   912                                 checkFileExtension:
   913                                 
   914 00000591 4152                   push r10
   915                                 
   916 00000593 49C7C200000000         mov r10, 0
   917                                 searchExt:
   918 0000059A 428A0417               mov al, byte [rdi + r10]
   919 0000059E 49FFC2                 inc r10
   920 000005A1 3C2E                   cmp al, 46
   921 000005A3 75F3                   jne searchExt
   922 000005A5 428A0417               mov al, byte [rdi + r10]
   923 000005A9 3C62                   cmp al, 98
   924 000005AB 7526                   jne invalidFileExtension
   925 000005AD 49FFC2                 inc r10
   926 000005B0 428A0417               mov al, byte [rdi + r10]
   927 000005B4 3C6D                   cmp al, 109
   928 000005B6 751B                   jne invalidFileExtension
   929 000005B8 49FFC2                 inc r10
   930 000005BB 428A0417               mov al, byte [rdi + r10]
   931 000005BF 3C70                   cmp al, 112
   932 000005C1 7510                   jne invalidFileExtension
   933 000005C3 49FFC2                 inc r10
   934 000005C6 428A0417               mov al, byte [rdi + r10]
   935 000005CA 3C00                   cmp al, NULL
   936 000005CC 7505                   jne invalidFileExtension
   937                                 
   938 000005CE B801000000             mov eax, TRUE
   939 000005D3 EB03                   jmp extensionReturn
   940                                 
   941                                 invalidFileExtension:
   942 000005D5 B800000000             mov eax, FALSE
   943                                 
   944                                 extensionReturn:
   945 000005DA 415A                   pop r10
   946                                 
   947 000005DC C3                     ret
   948                                 
   949                                 
   950                                 
   951                                 [global openFile]
   952                                 openFile:
   953                                 
   954 000005DD 4152                   push r10
   955                                 
   956 000005DF 4C8D17                 lea r10, qword [rdi]
   957                                 
   958 000005E2 48C7C002000000         mov rax, SYS_open
   959 000005E9 4C89D7                 mov rdi, r10
   960 000005EC 48C7C600000000         mov rsi, O_RDONLY
   961 000005F3 0F05                   syscall
   962                                 
   963 000005F5 415A                   pop r10
   964                                 
   965 000005F7 C3                     ret
   966                                 
   967                                 
   968                                 
   969                                 [global createFile]
   970                                 createFile:
   971                                 
   972 000005F8 4152                   push r10
   973                                 
   974 000005FA 4C8D17                 lea r10, qword [rdi]
   975                                 
   976 000005FD 48C7C055000000         mov rax, SYS_creat
   977 00000604 4C89D7                 mov rdi, r10
   978 00000607 48C7C680010000         mov rsi, S_IRUSR | S_IWUSR
   979 0000060E 0F05                   syscall
   980                                 
   981 00000610 415A                   pop r10
   982                                 
   983 00000612 C3                     ret
