     1                                 %line 1+1 a11procs.asm
     2                                 
     3                                 
     4                                 
     5                                 
     6                                 
     7                                 
     8                                 
     9                                 
    10                                 
    11                                 
    12                                 
    13                                 
    14                                 
    15                                 
    16                                 
    17                                 
    18                                 
    19                                 
    20                                 [section .data]
    21                                 
    22                                 
    23                                 
    24                                 
    25                                 LF equ 10
    26                                 NULL equ 0
    27                                 SPACE equ 0x20
    28                                 
    29                                 TRUE equ 1
    30                                 FALSE equ 0
    31                                 
    32                                 SUCCESS equ 0
    33                                 NOSUCCESS equ 1
    34                                 
    35                                 STDIN equ 0
    36                                 STDOUT equ 1
    37                                 STDERR equ 2
    38                                 
    39                                 SYS_read equ 0
    40                                 SYS_write equ 1
    41                                 SYS_open equ 2
    42                                 SYS_close equ 3
    43                                 SYS_fork equ 57
    44                                 SYS_exit equ 60
    45                                 SYS_creat equ 85
    46                                 SYS_time equ 201
    47                                 
    48                                 O_CREAT equ 0x40
    49                                 O_TRUNC equ 0x200
    50                                 O_APPEND equ 0x400
    51                                 
    52                                 O_RDONLY equ 000000
    53                                 O_WRONLY equ 000001
    54                                 O_RDWR equ 000002
    55                                 
    56                                 S_IRUSR equ 00400
    57                                 S_IWUSR equ 00200
    58                                 S_IXUSR equ 00100
    59                                 
    60                                 
    61                                 
    62                                 
    63                                 GRAYSCALE equ 0
    64                                 BRIGHTEN equ 1
    65                                 DARKEN equ 2
    66                                 
    67                                 MIN_FILE_LEN equ 5
    68                                 BUFF_SIZE equ 1000000
    69                                 
    70                                 
    71                                 
    72                                 
    73 00000000 00                     eof db FALSE
    74                                 
    75 00000001 55736167653A202E2F-    usageMsg db "Usage: ./imageCvt <-gr|-br|-dk> <inputFile.bmp> "
    76 00000001 696D61676543767420-
    77 00000001 3C2D67727C2D62727C-
    78 00000001 2D646B3E203C696E70-
    79 00000001 757446696C652E626D-
    80 00000001 703E20             
    81 00000031 3C6F75747075744669-     db "<outputFile.bmp>", LF, NULL
    82 00000031 6C652E626D703E0A00 
    83 00000043 4572726F722C20696E-    errIncomplete db "Error, incomplete command line arguments.", LF, NULL
    84 00000043 636F6D706C65746520-
    85 00000043 636F6D6D616E64206C-
    86 00000043 696E6520617267756D-
    87 00000043 656E74732E0A00     
    88 0000006E 4572726F722C20746F-    errExtra db "Error, too many command line arguments.", LF, NULL
    89 0000006E 6F206D616E7920636F-
    90 0000006E 6D6D616E64206C696E-
    91 0000006E 6520617267756D656E-
    92 0000006E 74732E0A00         
    93 00000097 4572726F722C20696E-    errOption db "Error, invalid image processing option.", LF, NULL
    94 00000097 76616C696420696D61-
    95 00000097 67652070726F636573-
    96 00000097 73696E67206F707469-
    97 00000097 6F6E2E0A00         
    98 000000C0 4572726F722C20696E-    errReadName db "Error, invalid source file name.  Must be '.bmp' file.", LF, NULL
    99 000000C0 76616C696420736F75-
   100 000000C0 7263652066696C6520-
   101 000000C0 6E616D652E20204D75-
   102 000000C0 737420626520272E62-
   103 000000C0 6D70272066696C652E-
   104 000000C0 0A00               
   105 000000F8 4572726F722C20696E-    errWriteName db "Error, invalid output file name.  Must be '.bmp' file.", LF, NULL
   106 000000F8 76616C6964206F7574-
   107 000000F8 7075742066696C6520-
   108 000000F8 6E616D652E20204D75-
   109 000000F8 737420626520272E62-
   110 000000F8 6D70272066696C652E-
   111 000000F8 0A00               
   112 00000130 4572726F722C20756E-    errReadFile db "Error, unable to open input file.", LF, NULL
   113 00000130 61626C6520746F206F-
   114 00000130 70656E20696E707574-
   115 00000130 2066696C652E0A00   
   116 00000153 4572726F722C20756E-    errWriteFile db "Error, unable to open output file.", LF, NULL
   117 00000153 61626C6520746F206F-
   118 00000153 70656E206F75747075-
   119 00000153 742066696C652E0A00 
   120                                 
   121                                 
   122                                 
   123                                 
   124                                 HEADER_SIZE equ 54
   125                                 
   126 00000177 4572726F722C20756E-    errReadHdr db "Error, unable to read header from source image file."
   127 00000177 61626C6520746F2072-
   128 00000177 656164206865616465-
   129 00000177 722066726F6D20736F-
   130 00000177 7572636520696D6167-
   131 00000177 652066696C652E     
   132 000001AB 0A00                    db LF, NULL
   133 000001AD 4572726F722C20696E-    errFileType db "Error, invalid file signature.", LF, NULL
   134 000001AD 76616C69642066696C-
   135 000001AD 65207369676E617475-
   136 000001AD 72652E0A00         
   137 000001CD 4572726F722C20756E-    errDepth db "Error, unsupported color depth.  Must be 24-bit color."
   138 000001CD 737570706F72746564-
   139 000001CD 20636F6C6F72206465-
   140 000001CD 7074682E20204D7573-
   141 000001CD 742062652032342D62-
   142 000001CD 697420636F6C6F722E 
   143 00000203 0A00                    db LF, NULL
   144 00000205 4572726F722C206F6E-    errCompType db "Error, only non-compressed images are supported."
   145 00000205 6C79206E6F6E2D636F-
   146 00000205 6D7072657373656420-
   147 00000205 696D61676573206172-
   148 00000205 6520737570706F7274-
   149 00000205 65642E             
   150 00000235 0A00                    db LF, NULL
   151 00000237 4572726F722C206269-    errSize db "Error, bitmap block size inconsistent.", LF, NULL
   152 00000237 746D617020626C6F63-
   153 00000237 6B2073697A6520696E-
   154 00000237 636F6E73697374656E-
   155 00000237 742E0A00           
   156 0000025F 4572726F722C20756E-    errWriteHdr db "Error, unable to write header to output image file.", LF,
   157 0000025F 61626C6520746F2077-
   158 0000025F 726974652068656164-
   159 0000025F 657220746F206F7574-
   160 0000025F 70757420696D616765-
   161 0000025F 2066696C652E0A     
   162 00000293 50726F6772616D2074-     db "Program terminated.", LF, NULL
   163 00000293 65726D696E61746564-
   164 00000293 2E0A00             
   165                                 
   166                                 
   167                                 
   168                                 
   169 000002A8 40420F0000000000       buffMax dq BUFF_SIZE
   170 000002B0 40420F0000000000       curr dq BUFF_SIZE
   171 000002B8 00                     wasEOF db FALSE
   172 000002B9 0000000000000000       pixelCount dq 0
   173                                 
   174 000002C1 4572726F722C207265-    errRead db "Error, reading from source image file.", LF,
   175 000002C1 6164696E672066726F-
   176 000002C1 6D20736F7572636520-
   177 000002C1 696D6167652066696C-
   178 000002C1 652E0A             
   179 000002E8 50726F6772616D2074-     db "Program terminated.", LF, NULL
   180 000002E8 65726D696E61746564-
   181 000002E8 2E0A00             
   182                                 
   183                                 
   184                                 
   185                                 
   186 000002FD 4572726F722C207772-    errWrite db "Error, writting to output image file.", LF,
   187 000002FD 697474696E6720746F-
   188 000002FD 206F75747075742069-
   189 000002FD 6D6167652066696C65-
   190 000002FD 2E0A               
   191 00000323 50726F6772616D2074-     db "Program terminated.", LF, NULL
   192 00000323 65726D696E61746564-
   193 00000323 2E0A00             
   194                                 
   195                                 
   196                                 
   197                                 
   198                                 
   199                                 [section .bss]
   200                                 
   201 00000000 <gap>                  localBuffer resb BUFF_SIZE
   202 000F4240 <gap>                  header resb HEADER_SIZE
   203                                 
   204                                 
   205                                 
   206                                 
   207                                 [section .text]
   208                                 
   209                                 
   210                                 
   211                                 
   212                                 
   213                                 
   214                                 
   215                                 
   216                                 
   217                                 
   218                                 
   219                                 
   220                                 
   221                                 
   222                                 
   223                                 
   224                                 
   225                                 
   226                                 
   227                                 
   228                                 
   229                                 
   230                                 
   231                                 
   232                                 
   233                                 [global getArguments]
   234                                 getArguments:
   235                                 
   236 00000000 55                     push rbp
   237 00000001 4889E5                 mov rbp, rsp
   238 00000004 4152                   push r10
   239 00000006 4153                   push r11
   240 00000008 4154                   push r12
   241 0000000A 4155                   push r13
   242 0000000C 4157                   push r15
   243                                 
   244                                 
   245                                 
   246                                 
   247                                 
   248                                 
   249                                 
   250                                 
   251                                 
   252                                 
   253 0000000E 49C7C201000000         mov r10, 1
   254 00000015 49C7C300000000         mov r11, 0
   255 0000001C 4989CC                 mov r12, rcx
   256 0000001F 4D89C5                 mov r13, r8
   257                                 
   258                                 
   259 00000022 4E8B3CD6               mov r15, qword [rsi + r10 * 8]
   260 00000026 438A041F               mov al, byte [r15 + r11]
   261 0000002A 3C2D                   cmp al, 45
   262 0000002C 0F85F5000000           jne imInvalid
   263 00000032 49FFC3                 inc r11
   264 00000035 438A041F               mov al, byte [r15 + r11]
   265 00000039 3C67                   cmp al, 103
   266 0000003B 7506                   jne checkB
   267 0000003D C70200000000           mov dword [rdx], GRAYSCALE
   268 00000043 EB2E                   jmp checkSecondInput
   269                                 checkB:
   270 00000045 3C62                   cmp al, 98
   271 00000047 7511                   jne checkD
   272 00000049 49FFC3                 inc r11
   273 0000004C 3C72                   cmp al, 114
   274 0000004E 0F85D3000000           jne imInvalid
   275 00000054 C70201000000           mov dword [rdx], BRIGHTEN
   276 0000005A EB17                   jmp checkSecondInput
   277                                 checkD:
   278 0000005C 3C64                   cmp al, 100
   279 0000005E 0F85C3000000           jne imInvalid
   280 00000064 49FFC3                 inc r11
   281 00000067 3C6B                   cmp al, 107
   282 00000069 0F85B8000000           jne imInvalid
   283 0000006F C70202000000           mov dword [rdx], DARKEN
   284                                 
   285                                 checkSecondInput:
   286 00000075 49FFC2                 inc r10
   287 00000078 49C7C300000000         mov r11, 0
   288 0000007F 57                     push rdi
   289 00000080 4A8B3CD6               mov rdi, qword [rsi + r10 * 8]
   290 00000084 E8AD040000             call checkFileExtension
   291 00000089 5F                     pop rdi
   292 0000008A 4883F801               cmp rax, TRUE
   293 0000008E 7575                   jne invalidReadFileName
   294 00000090 57                     push rdi
   295 00000091 56                     push rsi
   296 00000092 4A8B3CD6               mov rdi, qword [rsi + r10 * 8]
   297 00000096 E8E7040000             call openFile
   298 0000009B 5E                     pop rsi
   299 0000009C 5F                     pop rdi
   300 0000009D 4883F800               cmp rax, 0
   301 000000A1 7C75                   jl openFileError
   302 000000A3 49890424               mov qword [r12], rax
   303 000000A7 49FFC2                 inc r10
   304 000000AA 57                     push rdi
   305 000000AB 56                     push rsi
   306 000000AC 4A8B3CD6               mov rdi, qword [rsi + r10 * 8]
   307 000000B0 E881040000             call checkFileExtension
   308 000000B5 5E                     pop rsi
   309 000000B6 5F                     pop rdi
   310 000000B7 4883F801               cmp rax, TRUE
   311 000000BB 7535                   jne invalidWriteFileName
   312 000000BD 57                     push rdi
   313 000000BE 56                     push rsi
   314 000000BF 4A8B3CD6               mov rdi, qword [rsi + r10 * 8]
   315 000000C3 E8D5040000             call createFile
   316 000000C8 5E                     pop rsi
   317 000000C9 5F                     pop rdi
   318 000000CA 4883F800               cmp rax, 0
   319 000000CE 7C0C                   jl createFileError
   320 000000D0 49894500               mov qword [r13], rax
   321                                 
   322 000000D4 B801000000             mov eax, TRUE
   323                                 
   324 000000D9 E996000000             jmp done
   325                                 createFileError:
   326 000000DE 48C7C7[00000000]       mov rdi, errWriteFile
   327 000000E5 E819040000             call printString
   328 000000EA B800000000             mov eax, FALSE
   329 000000EF E980000000             jmp done
   330                                 
   331                                 invalidWriteFileName:
   332 000000F4 48C7C7[00000000]       mov rdi, errWriteName
   333 000000FB E803040000             call printString
   334 00000100 B800000000             mov eax, FALSE
   335 00000105 EB70                   jmp done
   336                                 
   337                                 invalidReadFileName:
   338 00000107 48C7C7[00000000]       mov rdi, errReadName
   339 0000010E E8F0030000             call printString
   340 00000113 B800000000             mov eax, FALSE
   341 00000118 EB5D                   jmp done
   342                                 
   343                                 openFileError:
   344 0000011A 48C7C7[00000000]       mov rdi, errReadFile
   345 00000121 E8DD030000             call printString
   346 00000126 B800000000             mov eax, FALSE
   347 0000012B EB4A                   jmp done
   348                                 
   349                                 imInvalid:
   350 0000012D 48C7C7[00000000]       mov rdi, errOption
   351 00000134 E8CA030000             call printString
   352 00000139 B800000000             mov eax, FALSE
   353 0000013E EB37                   jmp done
   354                                 
   355                                 incorrectUsage:
   356 00000140 48C7C7[00000000]       mov rdi, usageMsg
   357 00000147 E8B7030000             call printString
   358 0000014C B800000000             mov eax, FALSE
   359 00000151 EB24                   jmp done
   360                                 
   361                                 tooFewArgs:
   362 00000153 48C7C7[00000000]       mov rdi, errIncomplete
   363 0000015A E8A4030000             call printString
   364 0000015F B800000000             mov eax, FALSE
   365 00000164 EB11                   jmp done
   366                                 
   367                                 tooManyArgs:
   368 00000166 48C7C7[00000000]       mov rdi, errExtra
   369 0000016D E891030000             call printString
   370 00000172 B800000000             mov eax, FALSE
   371 00000177 EBFE                   jmp done
   372                                 
   373                                 done:
   374 00000179 415F                   pop r15
   375 0000017B 415D                   pop r13
   376 0000017D 415C                   pop r12
   377 0000017F 415B                   pop r11
   378 00000181 415A                   pop r10
   379 00000183 5D                     pop rbp
   380                                 
   381 00000184 C3                     ret
   382                                 
   383                                 
   384                                 
   385                                 
   386                                 
   387                                 
   388                                 
   389                                 
   390                                 
   391                                 
   392                                 
   393                                 
   394                                 
   395                                 
   396                                 
   397                                 
   398                                 
   399                                 
   400                                 
   401                                 
   402                                 
   403                                 
   404                                 
   405                                 
   406                                 
   407                                 
   408                                 
   409                                 
   410                                 
   411                                 
   412                                 
   413                                 
   414                                 
   415                                 
   416                                 
   417                                 
   418                                 
   419                                 [global processHeaders]
   420                                 processHeaders:
   421                                 
   422 00000185 53                     push rbx
   423 00000186 4151                   push r9
   424 00000188 4152                   push r10
   425 0000018A 4153                   push r11
   426 0000018C 4154                   push r12
   427 0000018E 4155                   push r13
   428 00000190 4156                   push r14
   429 00000192 4157                   push r15
   430                                 
   431 00000194 4889FB                 mov rbx, rdi
   432 00000197 4989F1                 mov r9, rsi
   433 0000019A 49C7C200000000         mov r10, 0
   434 000001A1 4989CC                 mov r12, rcx
   435 000001A4 4D89C5                 mov r13, r8
   436 000001A7 4989D7                 mov r15, rdx
   437                                 
   438 000001AA 48C7C000000000         mov rax, SYS_read
   439 000001B1 4889DF                 mov rdi, rbx
   440 000001B4 48C7C6[00000000]       mov rsi, header
   441 000001BB 48C7C236000000         mov rdx, HEADER_SIZE
   442 000001C2 0F05                   syscall
   443 000001C4 4883F800               cmp rax, 0
   444 000001C8 0F8C4D010000           jl errorOnRead
   445                                 
   446                                 
   447 000001CE 418A82[00000000]       mov al, byte [header + r10]
   448 000001D5 3C42                   cmp al, 66
   449 000001D7 0F852B010000           jne fileTypeError
   450 000001DD 49FFC2                 inc r10
   451 000001E0 418A82[00000000]       mov al, byte [header + r10]
   452 000001E7 3C4D                   cmp al, 77
   453 000001E9 0F8519010000           jne fileTypeError
   454 000001EF 49FFC2                 inc r10
   455 000001F2 418B82[00000000]       mov eax, dword [header + r10]
   456 000001F9 418907                 mov dword [r15], eax
   457 000001FC 4983C208               add r10, 8
   458 00000200 418B82[00000000]       mov eax, dword [header + r10]
   459 00000207 83F836                 cmp eax, 54
   460 0000020A 0F85BF000000           jne invalidBitmapSize
   461 00000210 4189C6                 mov r14d, eax
   462 00000213 4983C204               add r10, 4
   463 00000217 418B82[00000000]       mov eax, dword [header + r10]
   464 0000021E 4983C204               add r10, 4
   465 00000222 418B82[00000000]       mov eax, dword [header + r10]
   466 00000229 41890424               mov dword [r12], eax
   467 0000022D 50                     push rax
   468 0000022E 4152                   push r10
   469 00000230 41BA03000000           mov r10d, 3
   470 00000236 41F7E2                 mul r10d
   471 00000239 4C891425[00000000]     mov qword [pixelCount], r10
   472 00000241 415A                   pop r10
   473 00000243 58                     pop rax
   474 00000244 4983C204               add r10, 4
   475 00000248 418B82[00000000]       mov eax, dword [header + r10]
   476 0000024F 41894500               mov dword [r13], eax
   477 00000253 4983C204               add r10, 4
   478 00000257 66418B82[00000000]     mov ax, word [header + r10]
   479 0000025F 4983C202               add r10, 2
   480 00000263 66418B82[00000000]     mov ax, word [header + r10]
   481 0000026B 6683F818               cmp ax, 24
   482 0000026F 0F8580000000           jne depthError
   483 00000275 4983C202               add r10, 2
   484 00000279 418B82[00000000]       mov eax, dword [header + r10]
   485 00000280 83F800                 cmp eax, 0
   486 00000283 7561                   jne compTypeError
   487 00000285 4983C204               add r10, 4
   488 00000289 418B82[00000000]       mov eax, dword [header + r10]
   489 00000290 4401F0                 add eax, r14d
   490 00000293 458B1F                 mov r11d, dword [r15]
   491 00000296 413907                 cmp dword [r15], eax
   492 00000299 7538                   jne invalidBitmapSize
   493                                 
   494                                 
   495 0000029B 48C7C001000000         mov rax, SYS_write
   496 000002A2 4C89CF                 mov rdi, r9
   497 000002A5 48C7C6[00000000]       mov rsi, header
   498 000002AC 48C7C236000000         mov rdx, HEADER_SIZE
   499 000002B3 0F05                   syscall
   500 000002B5 4883F800               cmp rax, 0
   501 000002B9 7C05                   jl errorToWrite
   502                                 
   503 000002BB B801000000             mov eax, TRUE
   504 000002C0 EB70                   jmp done1
   505                                 
   506                                 errorToWrite:
   507 000002C2 48C7C7[00000000]       mov rdi, errWriteFile
   508 000002C9 E835020000             call printString
   509 000002CE B800000000             mov eax, FALSE
   510 000002D3 EB5D                   jmp done1
   511                                 
   512                                 invalidBitmapSize:
   513 000002D5 48C7C7[00000000]       mov rdi, errSize
   514 000002DC E822020000             call printString
   515 000002E1 B800000000             mov eax, FALSE
   516 000002E6 EB4A                   jmp done1
   517                                 
   518                                 compTypeError:
   519 000002E8 48C7C7[00000000]       mov rdi, errCompType
   520 000002EF E80F020000             call printString
   521 000002F4 B800000000             mov eax, FALSE
   522 000002F9 EB37                   jmp done1
   523                                 
   524                                 depthError:
   525 000002FB 48C7C7[00000000]       mov rdi, errDepth
   526 00000302 E8FC010000             call printString
   527 00000307 B800000000             mov eax, FALSE
   528 0000030C EB24                   jmp done1
   529                                 
   530                                 fileTypeError:
   531 0000030E 48C7C7[00000000]       mov rdi, errFileType
   532 00000315 E8E9010000             call printString
   533 0000031A B800000000             mov eax, FALSE
   534 0000031F EB11                   jmp done1
   535                                 
   536                                 errorOnRead:
   537 00000321 48C7C7[00000000]       mov rdi, errReadHdr
   538 00000328 E8D6010000             call printString
   539 0000032D B800000000             mov eax, FALSE
   540 00000332 EBFE                   jmp done1
   541                                 
   542                                 done1:
   543 00000334 415F                   pop r15
   544 00000336 415E                   pop r14
   545 00000338 415D                   pop r13
   546 0000033A 415C                   pop r12
   547 0000033C 415B                   pop r11
   548 0000033E 415A                   pop r10
   549 00000340 4159                   pop r9
   550 00000342 5B                     pop rbx
   551                                 
   552 00000343 C3                     ret
   553                                 
   554                                 
   555                                 
   556                                 
   557                                 
   558                                 
   559                                 
   560                                 
   561                                 
   562                                 
   563                                 
   564                                 
   565                                 
   566                                 
   567                                 
   568                                 
   569                                 
   570                                 
   571                                 
   572                                 
   573                                 
   574                                 
   575                                 
   576                                 
   577                                 
   578                                 
   579                                 
   580                                 
   581                                 [global getRow]
   582                                 getRow:
   583                                 
   584 00000344 53                     push rbx
   585 00000345 4152                   push r10
   586 00000347 4153                   push r11
   587 00000349 4156                   push r14
   588 0000034B 4157                   push r15
   589                                 
   590 0000034D 4889FB                 mov rbx, rdi
   591 00000350 4889F0                 mov rax, rsi
   592 00000353 4989D7                 mov r15, rdx
   593 00000356 49C7C203000000         mov r10, 3
   594 0000035D 49F7E2                 mul r10
   595 00000360 4989C2                 mov r10, rax
   596 00000363 4C8B3425[00000000]     mov r14, qword [buffMax]
   597                                 
   598                                 readFromFile:
   599 0000036B 48C7C000000000         mov rax, SYS_read
   600 00000372 4889DF                 mov rdi, rbx
   601 00000375 48C7C6[00000000]       mov rsi, localBuffer
   602 0000037C 48C7C240420F00         mov rdx, BUFF_SIZE
   603 00000383 0F05                   syscall
   604                                 
   605 00000385 4883F800               cmp rax, 0
   606 00000389 7C71                   jl readError
   607                                 
   608 0000038B 4883F800               cmp rax, 0
   609 0000038F 7450                   je endOfFile
   610                                 
   611 00000391 48890425[00000000]     mov qword [buffMax], rax
   612 00000399 48C70425[00000000]-    mov qword [curr], 0
   613 00000399 00000000           
   614 000003A5 4C8B1C25[00000000]     mov r11, qword [curr]
   615 000003AD 49C7C600000000         mov r14, 0
   616                                 moveRow:
   617 000003B4 418A83[00000000]       mov al, byte [localBuffer + r11]
   618 000003BB 43880437               mov byte [r15 + r14], al
   619 000003BF 49FFC3                 inc r11
   620 000003C2 49FFC6                 inc r14
   621 000003C5 4C891C25[00000000]     mov qword [curr], r11
   622 000003CD 4C3B1C25[00000000]     cmp r11, qword [buffMax]
   623 000003D5 7392                   jae readFromFile
   624 000003D7 4D39D6                 cmp r14, r10
   625 000003DA 72D6                   jb moveRow
   626                                 
   627 000003DC B801000000             mov eax, TRUE
   628 000003E1 EB2C                   jmp done2
   629                                 
   630                                 endOfFile:
   631 000003E3 C60425[00000000]01     mov byte [wasEOF], TRUE
   632 000003EB B800000000             mov eax, FALSE
   633 000003F0 48C70425[00000000]-    mov qword [buffMax], 0
   634 000003F0 00000000           
   635 000003FC EB11                   jmp done2
   636                                 
   637                                 readError:
   638 000003FE 48C7C7[00000000]       mov rdi, errReadFile
   639 00000405 E8F9000000             call printString
   640 0000040A B800000000             mov eax, FALSE
   641 0000040F EBFE                   jmp done2
   642                                 
   643                                 done2:
   644 00000411 415F                   pop r15
   645 00000413 415E                   pop r14
   646 00000415 415B                   pop r11
   647 00000417 415A                   pop r10
   648 00000419 5B                     pop rbx
   649                                 
   650 0000041A C3                     ret
   651                                 
   652                                 
   653                                 
   654                                 
   655                                 
   656                                 
   657                                 
   658                                 
   659                                 
   660                                 
   661                                 
   662                                 
   663                                 
   664                                 
   665                                 
   666                                 
   667                                 
   668                                 
   669                                 
   670                                 
   671                                 
   672                                 
   673                                 
   674                                 
   675                                 
   676                                 
   677                                 [global writeRow]
   678                                 writeRow:
   679                                 
   680 0000041B 53                     push rbx
   681 0000041C 4152                   push r10
   682 0000041E 4153                   push r11
   683                                 
   684 00000420 4889D3                 mov rbx, rdx
   685 00000423 4989FA                 mov r10, rdi
   686 00000426 4889F0                 mov rax, rsi
   687 00000429 49C7C303000000         mov r11, 3
   688 00000430 52                     push rdx
   689 00000431 49F7E3                 mul r11
   690 00000434 5A                     pop rdx
   691 00000435 4989C3                 mov r11, rax
   692                                 
   693 00000438 48C7C001000000         mov rax, SYS_write
   694 0000043F 4C89D7                 mov rdi, r10
   695 00000442 4889DE                 mov rsi, rbx
   696 00000445 4C89DA                 mov rdx, r11
   697 00000448 0F05                   syscall
   698 0000044A 4883F800               cmp rax, 0
   699 0000044E 7C05                   jl errorOnWrite
   700                                 
   701 00000450 B801000000             mov eax, TRUE
   702 00000455 EB11                   jmp done3
   703                                 
   704                                 errorOnWrite:
   705 00000457 48C7C7[00000000]       mov rdi, errWrite
   706 0000045E E8A0000000             call printString
   707 00000463 B800000000             mov eax, FALSE
   708 00000468 EBFE                   jmp done3
   709                                 
   710                                 done3:
   711 0000046A 415B                   pop r11
   712 0000046C 415A                   pop r10
   713 0000046E 5B                     pop rbx
   714                                 
   715 0000046F C3                     ret
   716                                 
   717                                 
   718                                 
   719                                 
   720                                 
   721                                 
   722                                 
   723                                 
   724                                 
   725                                 
   726                                 
   727                                 
   728                                 
   729                                 
   730                                 
   731                                 
   732                                 
   733                                 [global imageCvtToBW]
   734                                 imageCvtToBW:
   735                                 
   736 00000470 53                     push rbx
   737 00000471 4152                   push r10
   738 00000473 4154                   push r12
   739 00000475 4155                   push r13
   740 00000477 4156                   push r14
   741 00000479 4157                   push r15
   742                                 
   743 0000047B 4889F8                 mov rax, rdi
   744 0000047E 49C7C203000000         mov r10, 3
   745 00000485 49F7E2                 mul r10
   746 00000488 4889C3                 mov rbx, rax
   747 0000048B 4989F2                 mov r10, rsi
   748 0000048E 49C7C400000000         mov r12, 0
   749 00000495 49C7C500000000         mov r13, 0
   750 0000049C 48C7C000000000         mov rax, 0
   751 000004A3 49C7C700000000         mov r15, 0
   752 000004AA 49C7C603000000         mov r14, 3
   753                                 
   754                                 cvtToBw:
   755 000004B1 478A2C22               mov r13b, byte [r10 + r12]
   756 000004B5 4401E8                 add eax, r13d
   757 000004B8 49FFC7                 inc r15
   758 000004BB 49FFC4                 inc r12
   759 000004BE 4983FF03               cmp r15, 3
   760 000004C2 7403                   je cvtColor
   761 000004C4 4939DC                 cmp r12, rbx
   762 000004C7 72E6                   jb cvtToBw
   763                                 
   764                                 cvtColor:
   765 000004C9 6641F7F6               div r14w
   766 000004CD 4154                   push r12
   767 000004CF 4983EC03               sub r12, 3
   768 000004D3 43880422               mov byte [r10 + r12], al
   769 000004D7 49FFC4                 inc r12
   770 000004DA 43880422               mov byte [r10 + r12], al
   771 000004DE 49FFC4                 inc r12
   772 000004E1 43880422               mov byte [r10 + r12], al
   773 000004E5 49C7C700000000         mov r15, 0
   774 000004EC 48C7C000000000         mov rax, 0
   775 000004F3 415C                   pop r12
   776 000004F5 4939DC                 cmp r12, rbx
   777 000004F8 72B5                   jb cvtToBw
   778                                 
   779 000004FA 415F                   pop r15
   780 000004FC 415E                   pop r14
   781 000004FE 415D                   pop r13
   782 00000500 415C                   pop r12
   783 00000502 415A                   pop r10
   784 00000504 5B                     pop rbx
   785                                 
   786                                 
   787 00000505 C3                     ret
   788                                 
   789                                 
   790                                 
   791                                 
   792                                 
   793                                 
   794                                 
   795                                 
   796                                 
   797                                 
   798                                 
   799                                 
   800                                 
   801                                 
   802                                 
   803                                 
   804                                 
   805                                 [global imageBrighten]
   806                                 imageBrighten:
   807                                 
   808 00000506 C3                     ret
   809                                 
   810                                 
   811                                 
   812                                 
   813                                 
   814                                 
   815                                 
   816                                 
   817                                 
   818                                 
   819                                 
   820                                 
   821                                 
   822                                 
   823                                 
   824                                 
   825                                 
   826                                 [global imageDarken]
   827                                 imageDarken:
   828                                 
   829 00000507 C3                     ret
   830                                 
   831                                 
   832                                 
   833                                 
   834                                 
   835                                 
   836                                 
   837                                 
   838                                 
   839                                 
   840                                 
   841                                 
   842                                 
   843                                 
   844                                 
   845                                 [global printString]
   846                                 printString:
   847 00000508 53                      push rbx
   848                                 
   849                                 
   850                                 
   851                                 
   852 00000509 4889FB                  mov rbx, rdi
   853 0000050C 48C7C200000000          mov rdx, 0
   854                                 strCountLoop:
   855 00000513 803B00                  cmp byte [rbx], NULL
   856 00000516 7406                    je strCountDone
   857 00000518 48FFC3                  inc rbx
   858 0000051B 48FFC2                  inc rdx
   859 0000051E EBF1                    jmp strCountLoop
   860                                 strCountDone:
   861                                 
   862 00000520 4883FA00                cmp rdx, 0
   863 00000524 7411                    je prtDone
   864                                 
   865                                 
   866                                 
   867                                 
   868 00000526 48C7C001000000          mov rax, SYS_write
   869 0000052D 4889FE                  mov rsi, rdi
   870 00000530 48C7C701000000          mov rdi, STDOUT
   871                                 
   872 00000537 0F05                    syscall
   873                                 
   874                                 
   875                                 
   876                                 
   877                                 prtDone:
   878 00000539 5B                      pop rbx
   879 0000053A C3                      ret
   880                                 
   881                                 
   882                                 
   883                                 
   884                                 
   885                                 
   886                                 [global checkFileExtension]
   887                                 checkFileExtension:
   888                                 
   889 0000053B 4152                   push r10
   890                                 
   891 0000053D 49C7C200000000         mov r10, 0
   892                                 searchExt:
   893 00000544 428A0417               mov al, byte [rdi + r10]
   894 00000548 49FFC2                 inc r10
   895 0000054B 3C2E                   cmp al, 46
   896 0000054D 75F3                   jne searchExt
   897 0000054F 428A0417               mov al, byte [rdi + r10]
   898 00000553 3C62                   cmp al, 98
   899 00000555 7526                   jne invalidFileExtension
   900 00000557 49FFC2                 inc r10
   901 0000055A 428A0417               mov al, byte [rdi + r10]
   902 0000055E 3C6D                   cmp al, 109
   903 00000560 751B                   jne invalidFileExtension
   904 00000562 49FFC2                 inc r10
   905 00000565 428A0417               mov al, byte [rdi + r10]
   906 00000569 3C70                   cmp al, 112
   907 0000056B 7510                   jne invalidFileExtension
   908 0000056D 49FFC2                 inc r10
   909 00000570 428A0417               mov al, byte [rdi + r10]
   910 00000574 3C00                   cmp al, NULL
   911 00000576 7505                   jne invalidFileExtension
   912                                 
   913 00000578 B801000000             mov eax, TRUE
   914 0000057D EB03                   jmp extensionReturn
   915                                 
   916                                 invalidFileExtension:
   917 0000057F B800000000             mov eax, FALSE
   918                                 
   919                                 extensionReturn:
   920 00000584 415A                   pop r10
   921                                 
   922 00000586 C3                     ret
   923                                 
   924                                 
   925                                 
   926                                 [global openFile]
   927                                 openFile:
   928                                 
   929 00000587 4152                   push r10
   930                                 
   931 00000589 4C8D17                 lea r10, qword [rdi]
   932                                 
   933 0000058C 48C7C002000000         mov rax, SYS_open
   934 00000593 4C89D7                 mov rdi, r10
   935 00000596 48C7C600000000         mov rsi, O_RDONLY
   936 0000059D 0F05                   syscall
   937                                 
   938 0000059F 415A                   pop r10
   939                                 
   940 000005A1 C3                     ret
   941                                 
   942                                 
   943                                 
   944                                 [global createFile]
   945                                 createFile:
   946                                 
   947 000005A2 4152                   push r10
   948                                 
   949 000005A4 4C8D17                 lea r10, qword [rdi]
   950                                 
   951 000005A7 48C7C055000000         mov rax, SYS_creat
   952 000005AE 4C89D7                 mov rdi, r10
   953 000005B1 48C7C680010000         mov rsi, S_IRUSR | S_IWUSR
   954 000005B8 0F05                   syscall
   955                                 
   956 000005BA 415A                   pop r10
   957                                 
   958 000005BC C3                     ret
