     1                                 %line 1+1 ast06.asm
     2                                 
     3                                 
     4                                 
     5                                 
     6                                 
     7                                 
     8                                 
     9                                 
    10                                 
    11                                 
    12                                 
    13                                 
    14                                 
    15                                 
    16                                 
    17                                 
    18                                 
    19                                 
    20                                 
    21                                 
    22                                 
    23                                 
    24                                 
    25                                 
    26                                 
    27                                 
    28                                 
    29                                 
    30                                 
    31                                 
    32                                 
    33                                 
    34                                 
    35                                 %line 41+1 ast06.asm
    36                                 
    37                                 
    38                                 
    39                                 
    40                                 
    41                                 
    42                                 
    43                                 
    44                                 
    45                                 
    46                                 
    47                                 
    48                                 
    49                                 
    50                                 
    51                                 
    52                                 
    53                                 
    54                                 
    55                                 
    56                                 
    57                                 
    58                                 %line 70+1 ast06.asm
    59                                 
    60                                 
    61                                 
    62                                 
    63                                 
    64                                 
    65                                 
    66                                 
    67                                 
    68                                 
    69                                 
    70                                 
    71                                 %line 110+1 ast06.asm
    72                                 
    73                                 
    74                                 
    75                                 
    76                                 [section .data]
    77                                 
    78                                 
    79                                 
    80                                 
    81                                 TRUE equ 1
    82                                 FALSE equ 0
    83                                 
    84                                 EXIT_SUCCESS equ 0
    85                                 NOSUCCESS equ 1
    86                                 
    87                                 STDIN equ 0
    88                                 STDOUT equ 1
    89                                 STDERR equ 2
    90                                 
    91                                 SYS_read equ 0
    92                                 SYS_write equ 1
    93                                 SYS_open equ 2
    94                                 SYS_close equ 3
    95                                 SYS_fork equ 57
    96                                 SYS_exit equ 60
    97                                 SYS_creat equ 85
    98                                 SYS_time equ 201
    99                                 
   100                                 LF equ 10
   101                                 SPACE equ " "
   102                                 NULL equ 0
   103                                 ESC equ 27
   104                                 
   105                                 NUMS_PER_LINE equ 4
   106                                 
   107                                 
   108                                 
   109                                 
   110                                 STR_LENGTH equ 12
   111                                 
   112                                 aSideLengths
   113 00000000 202020202020202020-     db "         23", NULL, "         43", NULL, "        150", NULL
   114 00000000 323300202020202020-
   115 00000000 202020343300202020-
   116 00000000 202020202031353000 
   117 00000024 202020202020202032-     db "        215", NULL, "        234", NULL, "        251", NULL
   118 00000024 313500202020202020-
   119 00000024 202032333400202020-
   120 00000024 202020202032353100 
   121 00000048 202020202020202033-     db "        302", NULL, "        322", NULL, "        342", NULL
   122 00000048 303200202020202020-
   123 00000048 202033323200202020-
   124 00000048 202020202033343200 
   125 0000006C 202020202020202034-     db "        411", NULL, "        432", NULL, "        450", NULL
   126 0000006C 313100202020202020-
   127 0000006C 202034333200202020-
   128 0000006C 202020202034353000 
   129 00000090 202020202020202035-     db "        512", NULL, "        532", NULL, "        555", NULL
   130 00000090 313200202020202020-
   131 00000090 202035333200202020-
   132 00000090 202020202035353500 
   133 000000B4 202020202020203130-     db "       1021", NULL, "       1034", NULL, "       1052", NULL
   134 000000B4 323100202020202020-
   135 000000B4 203130333400202020-
   136 000000B4 202020203130353200 
   137 000000D8 202020202020203230-     db "       2002", NULL, "       2213", NULL, "       2325", NULL
   138 000000D8 303200202020202020-
   139 000000D8 203232313300202020-
   140 000000D8 202020203233323500 
   141 000000FC 202020202020203331-     db "       3131", NULL, "       3204", NULL, "       3520", NULL
   142 000000FC 333100202020202020-
   143 000000FC 203332303400202020-
   144 000000FC 202020203335323000 
   145 00000120 202020202020203431-     db "       4112", NULL, "       4200", NULL, "       4430", NULL
   146 00000120 313200202020202020-
   147 00000120 203432303000202020-
   148 00000120 202020203434333000 
   149 00000144 202020202020203532-     db "       5230", NULL, "       5321", NULL, "       5513", NULL
   150 00000144 333000202020202020-
   151 00000144 203533323100202020-
   152 00000144 202020203535313300 
   153 00000168 202020202020313032-     db "      10234", NULL, "      11203", NULL, "      12345", NULL
   154 00000168 333400202020202020-
   155 00000168 313132303300202020-
   156 00000168 202020313233343500 
   157 0000018C 202020202020323032-     db "      20245", NULL, "      23450", NULL, "      24513", NULL
   158 0000018C 343500202020202020-
   159 0000018C 323334353000202020-
   160 0000018C 202020323435313300 
   161 000001B0 202020202020333132-     db "      31243", NULL, "      33525", NULL, "      41230", NULL
   162 000001B0 343300202020202020-
   163 000001B0 333335323500202020-
   164 000001B0 202020343132333000 
   165 000001D4 202020202020353433-     db "      54321", NULL
   166 000001D4 323100             
   167                                 
   168 000001E0 202020202020202031-    aSenaryLength db "        104", NULL
   169 000001E0 303400             
   170 000001EC 00000000               length dd 0
   171                                 
   172 000001F0 00000000               perimSum dd 0
   173 000001F4 00000000               perimAve dd 0
   174 000001F8 00000000               perimMin dd 0
   175 000001FC 00000000               perimMax dd 0
   176                                 
   177                                 
   178                                 
   179                                 
   180 00000200 2D2D2D2D2D2D2D2D2D-    hdr db "-----------------------------------------------------"
   181 00000200 2D2D2D2D2D2D2D2D2D-
   182 00000200 2D2D2D2D2D2D2D2D2D-
   183 00000200 2D2D2D2D2D2D2D2D2D-
   184 00000200 2D2D2D2D2D2D2D2D2D-
   185 00000200 2D2D2D2D2D2D2D2D   
   186 00000235 0A1B5B316D43532032-     db LF, ESC, "[1m", "CS 218 - Assignment #6", ESC, "[0m", LF
   187 00000235 3138202D2041737369-
   188 00000235 676E6D656E74202336-
   189 00000235 1B5B306D0A         
   190 00000255 506572696D65746572-     db "Perimeter Calculations", LF, LF
   191 00000255 2043616C63756C6174-
   192 00000255 696F6E730A0A       
   193 0000026D 506572696D65746572-     db "Perimeters:", LF, NULL
   194 0000026D 733A0A00           
   195 0000027A 0A506572696D657465-    shdr db LF, "Perimeters Sum:  ", NULL
   196 0000027A 72732053756D3A2020-
   197 0000027A 00                 
   198 0000028D 0A506572696D657465-    avhdr db LF, "Perimeters Ave:  ", NULL
   199 0000028D 7273204176653A2020-
   200 0000028D 00                 
   201 000002A0 0A506572696D657465-    minhdr db LF, "Perimeters Min:  ", NULL
   202 000002A0 7273204D696E3A2020-
   203 000002A0 00                 
   204 000002B3 0A506572696D657465-    maxhdr db LF, "Perimeters Max:  ", NULL
   205 000002B3 7273204D61783A2020-
   206 000002B3 00                 
   207                                 
   208 000002C6 0A00                   newLine db LF, NULL
   209 000002C8 20202000               spaces db "   ", NULL
   210                                 
   211                                 
   212                                 
   213                                 
   214                                 [section .bss]
   215                                 
   216 00000000 <gap>                  tmpInteger resd 1
   217                                 
   218 00000004 <gap>                  perimsArray resd 40
   219                                 
   220 000000A4 <gap>                  lenString resb STR_LENGTH
   221 000000B0 <gap>                  tempString resb STR_LENGTH
   222                                 
   223 000000BC <gap>                  perimSumString resb STR_LENGTH
   224 000000C8 <gap>                  perimAveString resb STR_LENGTH
   225 000000D4 <gap>                  perimMinString resb STR_LENGTH
   226 000000E0 <gap>                  perimMaxString resb STR_LENGTH
   227                                 
   228                                 
   229                                 
   230                                 [section .text]
   231                                 [global _start]
   232                                 _start:
   233                                 
   234                                 
   235                                 
   236                                 
   237 00000000 50                      push rax
   238                                 %line 215+0 ast06.asm
   239 00000001 57                      push rdi
   240 00000002 56                      push rsi
   241 00000003 52                      push rdx
   242 00000004 51                      push rcx
   243                                 
   244 00000005 488D3C25[00000000]      lea rdi, [hdr]
   245 0000000D 48C7C200000000          mov rdx, 0
   246                                 ..@4.countLoop:
   247 00000014 803F00                  cmp byte [rdi], NULL
   248 00000017 7406                    je ..@4.countLoopDone
   249 00000019 48FFC7                  inc rdi
   250 0000001C 48FFC2                  inc rdx
   251 0000001F EBF1                    jmp ..@4.countLoop
   252                                 ..@4.countLoopDone:
   253                                 
   254 00000021 48C7C001000000          mov rax, SYS_write
   255 00000028 48C7C701000000          mov rdi, STDOUT
   256 0000002F 488D3425[00000000]      lea rsi, [hdr]
   257 00000037 0F05                    syscall
   258                                 
   259 00000039 59                      pop rcx
   260 0000003A 5A                      pop rdx
   261 0000003B 5E                      pop rsi
   262 0000003C 5F                      pop rdi
   263 0000003D 58                      pop rax
   264                                 %line 216+1 ast06.asm
   265                                 
   266                                 
   267                                 
   268                                 
   269                                 
   270                                 
   271                                 
   272                                 
   273                                 
   274                                 
   275                                 
   276 0000003E 49C7C400000000         mov r12, 0
   277 00000045 49C7C500000000         mov r13, 0
   278                                 
   279                                 whitespace:
   280                                 
   281 0000004C 418A8424[00000000]     mov al, byte [aSenaryLength + r12 * 1]
   282                                 
   283 00000054 49FFC4                 inc r12
   284 00000057 4983FC00               cmp r12, 0
   285 0000005B 74ED                   je whitespace
   286                                 
   287                                 
   288 0000005D 0420                   add al, 32
   289 0000005F 000425[00000000]       add byte [length], al
   290                                 
   291 00000066 4983FC00               cmp r12, NULL
   292 0000006A 75DE                   jne whitespace
   293                                 
   294                                 
   295                                 
   296                                 
   297                                 
   298                                 
   299                                 
   300 0000006C 8B0C25[00000000]        mov ecx, dword [length]
   301 00000073 48C7C700000000          mov rdi, 0
   302 0000007A 48C7C3[00000000]        mov rbx, aSideLengths
   303                                 cvtLoop:
   304 00000081 53                      push rbx
   305 00000082 51                      push rcx
   306 00000083 57                      push rdi
   307                                 
   308                                 %line 258+0 ast06.asm
   309                                 
   310                                 
   311                                 
   312                                 
   313                                 %line 259+1 ast06.asm
   314 00000084 5F                      pop rdi
   315 00000085 59                      pop rcx
   316 00000086 5B                      pop rbx
   317                                 
   318 00000087 8B0425[00000000]        mov eax, dword [tmpInteger]
   319 0000008E 41B806000000            mov r8d, 6
   320 00000094 41F7E0                  mul r8d
   321 00000097 8904BD[00000000]        mov dword [perimsArray+rdi*4], eax
   322 0000009E 4883C30C                add rbx, STR_LENGTH
   323                                 
   324 000000A2 48FFC7                  inc rdi
   325 000000A5 FFC9                    dec ecx
   326 000000A7 83F900                  cmp ecx, 0
   327 000000AA 75D3                    jne cvtLoop
   328                                 
   329                                 
   330                                 
   331                                 
   332 000000AC 8B0C25[00000000]        mov ecx, dword [length]
   333 000000B3 48C7C600000000          mov rsi, 0
   334 000000BA 49C7C400000000          mov r12, 0
   335                                 printLoop:
   336 000000C1 51                      push rcx
   337 000000C2 56                      push rsi
   338 000000C3 4154                    push r12
   339                                 
   340                                 
   341                                 %line 285+0 ast06.asm
   342                                 
   343                                 
   344                                 
   345                                 
   346                                 %line 286+1 ast06.asm
   347                                 
   348 000000C5 50                      push rax
   349                                 %line 287+0 ast06.asm
   350 000000C6 57                      push rdi
   351 000000C7 56                      push rsi
   352 000000C8 52                      push rdx
   353 000000C9 51                      push rcx
   354                                 
   355 000000CA 488D3C25[00000000]      lea rdi, [tempString]
   356 000000D2 48C7C200000000          mov rdx, 0
   357                                 ..@7.countLoop:
   358 000000D9 803F00                  cmp byte [rdi], NULL
   359 000000DC 7406                    je ..@7.countLoopDone
   360 000000DE 48FFC7                  inc rdi
   361 000000E1 48FFC2                  inc rdx
   362 000000E4 EBF1                    jmp ..@7.countLoop
   363                                 ..@7.countLoopDone:
   364                                 
   365 000000E6 48C7C001000000          mov rax, SYS_write
   366 000000ED 48C7C701000000          mov rdi, STDOUT
   367 000000F4 488D3425[00000000]      lea rsi, [tempString]
   368 000000FC 0F05                    syscall
   369                                 
   370 000000FE 59                      pop rcx
   371 000000FF 5A                      pop rdx
   372 00000100 5E                      pop rsi
   373 00000101 5F                      pop rdi
   374 00000102 58                      pop rax
   375                                 %line 288+1 ast06.asm
   376 00000103 50                      push rax
   377                                 %line 288+0 ast06.asm
   378 00000104 57                      push rdi
   379 00000105 56                      push rsi
   380 00000106 52                      push rdx
   381 00000107 51                      push rcx
   382                                 
   383 00000108 488D3C25[00000000]      lea rdi, [spaces]
   384 00000110 48C7C200000000          mov rdx, 0
   385                                 ..@8.countLoop:
   386 00000117 803F00                  cmp byte [rdi], NULL
   387 0000011A 7406                    je ..@8.countLoopDone
   388 0000011C 48FFC7                  inc rdi
   389 0000011F 48FFC2                  inc rdx
   390 00000122 EBF1                    jmp ..@8.countLoop
   391                                 ..@8.countLoopDone:
   392                                 
   393 00000124 48C7C001000000          mov rax, SYS_write
   394 0000012B 48C7C701000000          mov rdi, STDOUT
   395 00000132 488D3425[00000000]      lea rsi, [spaces]
   396 0000013A 0F05                    syscall
   397                                 
   398 0000013C 59                      pop rcx
   399 0000013D 5A                      pop rdx
   400 0000013E 5E                      pop rsi
   401 0000013F 5F                      pop rdi
   402 00000140 58                      pop rax
   403                                 %line 289+1 ast06.asm
   404                                 
   405 00000141 415C                    pop r12
   406 00000143 5E                      pop rsi
   407 00000144 59                      pop rcx
   408                                 
   409 00000145 49FFC4                  inc r12
   410 00000148 4983FC03                cmp r12, 3
   411 0000014C 7543                    jne skipNewline
   412 0000014E 49C7C400000000          mov r12, 0
   413 00000155 50                      push rax
   414                                 %line 298+0 ast06.asm
   415 00000156 57                      push rdi
   416 00000157 56                      push rsi
   417 00000158 52                      push rdx
   418 00000159 51                      push rcx
   419                                 
   420 0000015A 488D3C25[00000000]      lea rdi, [newLine]
   421 00000162 48C7C200000000          mov rdx, 0
   422                                 ..@9.countLoop:
   423 00000169 803F00                  cmp byte [rdi], NULL
   424 0000016C 7406                    je ..@9.countLoopDone
   425 0000016E 48FFC7                  inc rdi
   426 00000171 48FFC2                  inc rdx
   427 00000174 EBF1                    jmp ..@9.countLoop
   428                                 ..@9.countLoopDone:
   429                                 
   430 00000176 48C7C001000000          mov rax, SYS_write
   431 0000017D 48C7C701000000          mov rdi, STDOUT
   432 00000184 488D3425[00000000]      lea rsi, [newLine]
   433 0000018C 0F05                    syscall
   434                                 
   435 0000018E 59                      pop rcx
   436 0000018F 5A                      pop rdx
   437 00000190 5E                      pop rsi
   438 00000191 5F                      pop rdi
   439 00000192 58                      pop rax
   440                                 %line 299+1 ast06.asm
   441                                 skipNewline:
   442 00000193 48FFC6                  inc rsi
   443                                 
   444 00000196 FFC9                    dec ecx
   445 00000198 83F900                  cmp ecx, 0
   446 0000019B 0F851AFFFFFF            jne printLoop
   447 000001A1 50                      push rax
   448                                 %line 305+0 ast06.asm
   449 000001A2 57                      push rdi
   450 000001A3 56                      push rsi
   451 000001A4 52                      push rdx
   452 000001A5 51                      push rcx
   453                                 
   454 000001A6 488D3C25[00000000]      lea rdi, [newLine]
   455 000001AE 48C7C200000000          mov rdx, 0
   456                                 ..@10.countLoop:
   457 000001B5 803F00                  cmp byte [rdi], NULL
   458 000001B8 7406                    je ..@10.countLoopDone
   459 000001BA 48FFC7                  inc rdi
   460 000001BD 48FFC2                  inc rdx
   461 000001C0 EBF1                    jmp ..@10.countLoop
   462                                 ..@10.countLoopDone:
   463                                 
   464 000001C2 48C7C001000000          mov rax, SYS_write
   465 000001C9 48C7C701000000          mov rdi, STDOUT
   466 000001D0 488D3425[00000000]      lea rsi, [newLine]
   467 000001D8 0F05                    syscall
   468                                 
   469 000001DA 59                      pop rcx
   470 000001DB 5A                      pop rdx
   471 000001DC 5E                      pop rsi
   472 000001DD 5F                      pop rdi
   473 000001DE 58                      pop rax
   474                                 %line 306+1 ast06.asm
   475                                 
   476                                 
   477                                 
   478                                 
   479                                 
   480                                 
   481                                 
   482                                 
   483                                 
   484                                 
   485                                 
   486                                 
   487                                 
   488                                 
   489                                 
   490 000001DF 50                      push rax
   491                                 %line 321+0 ast06.asm
   492 000001E0 57                      push rdi
   493 000001E1 56                      push rsi
   494 000001E2 52                      push rdx
   495 000001E3 51                      push rcx
   496                                 
   497 000001E4 488D3C25[00000000]      lea rdi, [shdr]
   498 000001EC 48C7C200000000          mov rdx, 0
   499                                 ..@11.countLoop:
   500 000001F3 803F00                  cmp byte [rdi], NULL
   501 000001F6 7406                    je ..@11.countLoopDone
   502 000001F8 48FFC7                  inc rdi
   503 000001FB 48FFC2                  inc rdx
   504 000001FE EBF1                    jmp ..@11.countLoop
   505                                 ..@11.countLoopDone:
   506                                 
   507 00000200 48C7C001000000          mov rax, SYS_write
   508 00000207 48C7C701000000          mov rdi, STDOUT
   509 0000020E 488D3425[00000000]      lea rsi, [shdr]
   510 00000216 0F05                    syscall
   511                                 
   512 00000218 59                      pop rcx
   513 00000219 5A                      pop rdx
   514 0000021A 5E                      pop rsi
   515 0000021B 5F                      pop rdi
   516 0000021C 58                      pop rax
   517                                 %line 322+1 ast06.asm
   518                                 
   519                                 
   520                                 
   521                                 
   522                                 
   523                                 
   524                                 
   525                                 
   526                                 
   527                                 
   528                                 
   529                                 
   530 0000021D 50                      push rax
   531                                 %line 334+0 ast06.asm
   532 0000021E 57                      push rdi
   533 0000021F 56                      push rsi
   534 00000220 52                      push rdx
   535 00000221 51                      push rcx
   536                                 
   537 00000222 488D3C25[00000000]      lea rdi, [perimSumString]
   538 0000022A 48C7C200000000          mov rdx, 0
   539                                 ..@12.countLoop:
   540 00000231 803F00                  cmp byte [rdi], NULL
   541 00000234 7406                    je ..@12.countLoopDone
   542 00000236 48FFC7                  inc rdi
   543 00000239 48FFC2                  inc rdx
   544 0000023C EBF1                    jmp ..@12.countLoop
   545                                 ..@12.countLoopDone:
   546                                 
   547 0000023E 48C7C001000000          mov rax, SYS_write
   548 00000245 48C7C701000000          mov rdi, STDOUT
   549 0000024C 488D3425[00000000]      lea rsi, [perimSumString]
   550 00000254 0F05                    syscall
   551                                 
   552 00000256 59                      pop rcx
   553 00000257 5A                      pop rdx
   554 00000258 5E                      pop rsi
   555 00000259 5F                      pop rdi
   556 0000025A 58                      pop rax
   557                                 %line 335+1 ast06.asm
   558                                 
   559                                 
   560                                 
   561                                 
   562                                 
   563 0000025B 50                      push rax
   564                                 %line 340+0 ast06.asm
   565 0000025C 57                      push rdi
   566 0000025D 56                      push rsi
   567 0000025E 52                      push rdx
   568 0000025F 51                      push rcx
   569                                 
   570 00000260 488D3C25[00000000]      lea rdi, [avhdr]
   571 00000268 48C7C200000000          mov rdx, 0
   572                                 ..@13.countLoop:
   573 0000026F 803F00                  cmp byte [rdi], NULL
   574 00000272 7406                    je ..@13.countLoopDone
   575 00000274 48FFC7                  inc rdi
   576 00000277 48FFC2                  inc rdx
   577 0000027A EBF1                    jmp ..@13.countLoop
   578                                 ..@13.countLoopDone:
   579                                 
   580 0000027C 48C7C001000000          mov rax, SYS_write
   581 00000283 48C7C701000000          mov rdi, STDOUT
   582 0000028A 488D3425[00000000]      lea rsi, [avhdr]
   583 00000292 0F05                    syscall
   584                                 
   585 00000294 59                      pop rcx
   586 00000295 5A                      pop rdx
   587 00000296 5E                      pop rsi
   588 00000297 5F                      pop rdi
   589 00000298 58                      pop rax
   590                                 %line 341+1 ast06.asm
   591                                 
   592                                 %line 341+0 ast06.asm
   593                                 
   594                                 
   595                                 
   596                                 
   597                                 %line 342+1 ast06.asm
   598 00000299 50                      push rax
   599                                 %line 342+0 ast06.asm
   600 0000029A 57                      push rdi
   601 0000029B 56                      push rsi
   602 0000029C 52                      push rdx
   603 0000029D 51                      push rcx
   604                                 
   605 0000029E 488D3C25[00000000]      lea rdi, [perimAveString]
   606 000002A6 48C7C200000000          mov rdx, 0
   607                                 ..@15.countLoop:
   608 000002AD 803F00                  cmp byte [rdi], NULL
   609 000002B0 7406                    je ..@15.countLoopDone
   610 000002B2 48FFC7                  inc rdi
   611 000002B5 48FFC2                  inc rdx
   612 000002B8 EBF1                    jmp ..@15.countLoop
   613                                 ..@15.countLoopDone:
   614                                 
   615 000002BA 48C7C001000000          mov rax, SYS_write
   616 000002C1 48C7C701000000          mov rdi, STDOUT
   617 000002C8 488D3425[00000000]      lea rsi, [perimAveString]
   618 000002D0 0F05                    syscall
   619                                 
   620 000002D2 59                      pop rcx
   621 000002D3 5A                      pop rdx
   622 000002D4 5E                      pop rsi
   623 000002D5 5F                      pop rdi
   624 000002D6 58                      pop rax
   625                                 %line 343+1 ast06.asm
   626                                 
   627 000002D7 50                      push rax
   628                                 %line 344+0 ast06.asm
   629 000002D8 57                      push rdi
   630 000002D9 56                      push rsi
   631 000002DA 52                      push rdx
   632 000002DB 51                      push rcx
   633                                 
   634 000002DC 488D3C25[00000000]      lea rdi, [minhdr]
   635 000002E4 48C7C200000000          mov rdx, 0
   636                                 ..@16.countLoop:
   637 000002EB 803F00                  cmp byte [rdi], NULL
   638 000002EE 7406                    je ..@16.countLoopDone
   639 000002F0 48FFC7                  inc rdi
   640 000002F3 48FFC2                  inc rdx
   641 000002F6 EBF1                    jmp ..@16.countLoop
   642                                 ..@16.countLoopDone:
   643                                 
   644 000002F8 48C7C001000000          mov rax, SYS_write
   645 000002FF 48C7C701000000          mov rdi, STDOUT
   646 00000306 488D3425[00000000]      lea rsi, [minhdr]
   647 0000030E 0F05                    syscall
   648                                 
   649 00000310 59                      pop rcx
   650 00000311 5A                      pop rdx
   651 00000312 5E                      pop rsi
   652 00000313 5F                      pop rdi
   653 00000314 58                      pop rax
   654                                 %line 345+1 ast06.asm
   655                                 
   656                                 %line 345+0 ast06.asm
   657                                 
   658                                 
   659                                 
   660                                 
   661                                 %line 346+1 ast06.asm
   662 00000315 50                      push rax
   663                                 %line 346+0 ast06.asm
   664 00000316 57                      push rdi
   665 00000317 56                      push rsi
   666 00000318 52                      push rdx
   667 00000319 51                      push rcx
   668                                 
   669 0000031A 488D3C25[00000000]      lea rdi, [perimMinString]
   670 00000322 48C7C200000000          mov rdx, 0
   671                                 ..@18.countLoop:
   672 00000329 803F00                  cmp byte [rdi], NULL
   673 0000032C 7406                    je ..@18.countLoopDone
   674 0000032E 48FFC7                  inc rdi
   675 00000331 48FFC2                  inc rdx
   676 00000334 EBF1                    jmp ..@18.countLoop
   677                                 ..@18.countLoopDone:
   678                                 
   679 00000336 48C7C001000000          mov rax, SYS_write
   680 0000033D 48C7C701000000          mov rdi, STDOUT
   681 00000344 488D3425[00000000]      lea rsi, [perimMinString]
   682 0000034C 0F05                    syscall
   683                                 
   684 0000034E 59                      pop rcx
   685 0000034F 5A                      pop rdx
   686 00000350 5E                      pop rsi
   687 00000351 5F                      pop rdi
   688 00000352 58                      pop rax
   689                                 %line 347+1 ast06.asm
   690                                 
   691 00000353 50                      push rax
   692                                 %line 348+0 ast06.asm
   693 00000354 57                      push rdi
   694 00000355 56                      push rsi
   695 00000356 52                      push rdx
   696 00000357 51                      push rcx
   697                                 
   698 00000358 488D3C25[00000000]      lea rdi, [maxhdr]
   699 00000360 48C7C200000000          mov rdx, 0
   700                                 ..@19.countLoop:
   701 00000367 803F00                  cmp byte [rdi], NULL
   702 0000036A 7406                    je ..@19.countLoopDone
   703 0000036C 48FFC7                  inc rdi
   704 0000036F 48FFC2                  inc rdx
   705 00000372 EBF1                    jmp ..@19.countLoop
   706                                 ..@19.countLoopDone:
   707                                 
   708 00000374 48C7C001000000          mov rax, SYS_write
   709 0000037B 48C7C701000000          mov rdi, STDOUT
   710 00000382 488D3425[00000000]      lea rsi, [maxhdr]
   711 0000038A 0F05                    syscall
   712                                 
   713 0000038C 59                      pop rcx
   714 0000038D 5A                      pop rdx
   715 0000038E 5E                      pop rsi
   716 0000038F 5F                      pop rdi
   717 00000390 58                      pop rax
   718                                 %line 349+1 ast06.asm
   719                                 
   720                                 %line 349+0 ast06.asm
   721                                 
   722                                 
   723                                 
   724                                 
   725                                 %line 350+1 ast06.asm
   726 00000391 50                      push rax
   727                                 %line 350+0 ast06.asm
   728 00000392 57                      push rdi
   729 00000393 56                      push rsi
   730 00000394 52                      push rdx
   731 00000395 51                      push rcx
   732                                 
   733 00000396 488D3C25[00000000]      lea rdi, [perimMaxString]
   734 0000039E 48C7C200000000          mov rdx, 0
   735                                 ..@21.countLoop:
   736 000003A5 803F00                  cmp byte [rdi], NULL
   737 000003A8 7406                    je ..@21.countLoopDone
   738 000003AA 48FFC7                  inc rdi
   739 000003AD 48FFC2                  inc rdx
   740 000003B0 EBF1                    jmp ..@21.countLoop
   741                                 ..@21.countLoopDone:
   742                                 
   743 000003B2 48C7C001000000          mov rax, SYS_write
   744 000003B9 48C7C701000000          mov rdi, STDOUT
   745 000003C0 488D3425[00000000]      lea rsi, [perimMaxString]
   746 000003C8 0F05                    syscall
   747                                 
   748 000003CA 59                      pop rcx
   749 000003CB 5A                      pop rdx
   750 000003CC 5E                      pop rsi
   751 000003CD 5F                      pop rdi
   752 000003CE 58                      pop rax
   753                                 %line 351+1 ast06.asm
   754                                 
   755 000003CF 50                      push rax
   756                                 %line 352+0 ast06.asm
   757 000003D0 57                      push rdi
   758 000003D1 56                      push rsi
   759 000003D2 52                      push rdx
   760 000003D3 51                      push rcx
   761                                 
   762 000003D4 488D3C25[00000000]      lea rdi, [newLine]
   763 000003DC 48C7C200000000          mov rdx, 0
   764                                 ..@22.countLoop:
   765 000003E3 803F00                  cmp byte [rdi], NULL
   766 000003E6 7406                    je ..@22.countLoopDone
   767 000003E8 48FFC7                  inc rdi
   768 000003EB 48FFC2                  inc rdx
   769 000003EE EBF1                    jmp ..@22.countLoop
   770                                 ..@22.countLoopDone:
   771                                 
   772 000003F0 48C7C001000000          mov rax, SYS_write
   773 000003F7 48C7C701000000          mov rdi, STDOUT
   774 000003FE 488D3425[00000000]      lea rsi, [newLine]
   775 00000406 0F05                    syscall
   776                                 
   777 00000408 59                      pop rcx
   778 00000409 5A                      pop rdx
   779 0000040A 5E                      pop rsi
   780 0000040B 5F                      pop rdi
   781 0000040C 58                      pop rax
   782                                 %line 353+1 ast06.asm
   783 0000040D 50                      push rax
   784                                 %line 353+0 ast06.asm
   785 0000040E 57                      push rdi
   786 0000040F 56                      push rsi
   787 00000410 52                      push rdx
   788 00000411 51                      push rcx
   789                                 
   790 00000412 488D3C25[00000000]      lea rdi, [newLine]
   791 0000041A 48C7C200000000          mov rdx, 0
   792                                 ..@23.countLoop:
   793 00000421 803F00                  cmp byte [rdi], NULL
   794 00000424 7406                    je ..@23.countLoopDone
   795 00000426 48FFC7                  inc rdi
   796 00000429 48FFC2                  inc rdx
   797 0000042C EBF1                    jmp ..@23.countLoop
   798                                 ..@23.countLoopDone:
   799                                 
   800 0000042E 48C7C001000000          mov rax, SYS_write
   801 00000435 48C7C701000000          mov rdi, STDOUT
   802 0000043C 488D3425[00000000]      lea rsi, [newLine]
   803 00000444 0F05                    syscall
   804                                 
   805 00000446 59                      pop rcx
   806 00000447 5A                      pop rdx
   807 00000448 5E                      pop rsi
   808 00000449 5F                      pop rdi
   809 0000044A 58                      pop rax
   810                                 %line 354+1 ast06.asm
   811                                 
   812                                 
   813                                 
   814                                 
   815                                 last:
   816 0000044B 48C7C03C000000          mov rax, SYS_exit
   817 00000452 48C7C700000000          mov rdi, EXIT_SUCCESS
   818 00000459 0F05                    syscall
   819                                 
